Job started on Thu Oct 23 20:24:40 CEST 2025
Running on node(s): cns265
/gpfs/scratch/acad/htforft/rgouvea/MatterVial/mattervial/featurizers/__init__.py:20: UserWarning: Composition featurizers not available: No module named 'torch_scatter'
  warnings.warn(f"Composition featurizers not available: {e}")

================================================================================
🚀 STARTING TASK: alexandria5000test
================================================================================

Loading data from './sampled_5000_alexandria_walltime_test.csv'...
Parsing structure data from 'structure' column...
Data loading and preparation complete.
Computing ORB features for 5000 structures...
/gpfs/home/acad/ucl-modl/rgouvea/miniconda3/envs/orb_env/lib/python3.11/site-packages/orb_models/utils.py:30: UserWarning: Setting global torch default dtype to torch.float32.
  warnings.warn(f"Setting global torch default dtype to {torch_dtype}.")
No CUDA runtime is found, using CUDA_HOME='/gpfs/softs/easybuild/software/CUDA/11.7.0'
Processing structure 10/5000
Processing structure 20/5000
Processing structure 30/5000
Processing structure 40/5000
Processing structure 50/5000
Processing structure 60/5000
Processing structure 70/5000
Processing structure 80/5000
Processing structure 90/5000
Processing structure 100/5000
Processing structure 110/5000
Processing structure 120/5000
Processing structure 130/5000
Processing structure 140/5000
Processing structure 150/5000
Processing structure 160/5000
Processing structure 170/5000
Processing structure 180/5000
Processing structure 190/5000
Processing structure 200/5000
Processing structure 210/5000
Processing structure 220/5000
Processing structure 230/5000
Processing structure 240/5000
Processing structure 250/5000
Processing structure 260/5000
Processing structure 270/5000
Processing structure 280/5000
Processing structure 290/5000
Processing structure 300/5000
Processing structure 310/5000
Processing structure 320/5000
Processing structure 330/5000
Processing structure 340/5000
Processing structure 350/5000
Processing structure 360/5000
Processing structure 370/5000
Processing structure 380/5000
Processing structure 390/5000
Processing structure 400/5000
Processing structure 410/5000
Processing structure 420/5000
Processing structure 430/5000
Processing structure 440/5000
Processing structure 450/5000
Processing structure 460/5000
Processing structure 470/5000
Processing structure 480/5000
Processing structure 490/5000
Processing structure 500/5000
Processing structure 510/5000
Processing structure 520/5000
Processing structure 530/5000
Processing structure 540/5000
Processing structure 550/5000
Processing structure 560/5000
Processing structure 570/5000
Processing structure 580/5000
Processing structure 590/5000
Processing structure 600/5000
Processing structure 610/5000
Processing structure 620/5000
Processing structure 630/5000
Processing structure 640/5000
Processing structure 650/5000
Processing structure 660/5000
Processing structure 670/5000
Processing structure 680/5000
Processing structure 690/5000
Processing structure 700/5000
Processing structure 710/5000
Processing structure 720/5000
Processing structure 730/5000
Processing structure 740/5000
Processing structure 750/5000
Processing structure 760/5000
Processing structure 770/5000
Processing structure 780/5000
Processing structure 790/5000
Processing structure 800/5000
Processing structure 810/5000
Processing structure 820/5000
Processing structure 830/5000
Processing structure 840/5000
Processing structure 850/5000
Processing structure 860/5000
Processing structure 870/5000
Processing structure 880/5000
Processing structure 890/5000
Processing structure 900/5000
Processing structure 910/5000
Processing structure 920/5000
Processing structure 930/5000
Processing structure 940/5000
Processing structure 950/5000
Processing structure 960/5000
Processing structure 970/5000
Processing structure 980/5000
Processing structure 990/5000
Processing structure 1000/5000
Processing structure 1010/5000
Processing structure 1020/5000
Processing structure 1030/5000
Processing structure 1040/5000
Processing structure 1050/5000
Processing structure 1060/5000
Processing structure 1070/5000
Processing structure 1080/5000
Processing structure 1090/5000
Processing structure 1100/5000
Processing structure 1110/5000
Processing structure 1120/5000
Processing structure 1130/5000
Processing structure 1140/5000
Processing structure 1150/5000
Processing structure 1160/5000
Processing structure 1170/5000
Processing structure 1180/5000
Processing structure 1190/5000
Processing structure 1200/5000
Processing structure 1210/5000
Processing structure 1220/5000
Processing structure 1230/5000
Processing structure 1240/5000
Processing structure 1250/5000
Processing structure 1260/5000
Processing structure 1270/5000
Processing structure 1280/5000
Processing structure 1290/5000
Processing structure 1300/5000
Processing structure 1310/5000
Processing structure 1320/5000
Processing structure 1330/5000
Processing structure 1340/5000
Processing structure 1350/5000
Processing structure 1360/5000
Processing structure 1370/5000
Processing structure 1380/5000
Processing structure 1390/5000
Processing structure 1400/5000
Processing structure 1410/5000
Processing structure 1420/5000
Processing structure 1430/5000
Processing structure 1440/5000
Processing structure 1450/5000
Processing structure 1460/5000
Processing structure 1470/5000
Processing structure 1480/5000
Processing structure 1490/5000
Processing structure 1500/5000
Processing structure 1510/5000
Processing structure 1520/5000
Processing structure 1530/5000
Processing structure 1540/5000
Processing structure 1550/5000
Processing structure 1560/5000
Processing structure 1570/5000
Processing structure 1580/5000
Processing structure 1590/5000
Processing structure 1600/5000
Processing structure 1610/5000
Processing structure 1620/5000
Processing structure 1630/5000
Processing structure 1640/5000
Processing structure 1650/5000
Processing structure 1660/5000
Processing structure 1670/5000
Processing structure 1680/5000
Processing structure 1690/5000
Processing structure 1700/5000
Processing structure 1710/5000
Processing structure 1720/5000
Processing structure 1730/5000
Processing structure 1740/5000
Processing structure 1750/5000
Processing structure 1760/5000
Processing structure 1770/5000
Processing structure 1780/5000
Processing structure 1790/5000
Processing structure 1800/5000
Processing structure 1810/5000
Processing structure 1820/5000
Processing structure 1830/5000
Processing structure 1840/5000
Processing structure 1850/5000
Processing structure 1860/5000
Processing structure 1870/5000
Processing structure 1880/5000
Processing structure 1890/5000
Processing structure 1900/5000
Processing structure 1910/5000
Processing structure 1920/5000
Processing structure 1930/5000
Processing structure 1940/5000
Processing structure 1950/5000
Processing structure 1960/5000
Processing structure 1970/5000
Processing structure 1980/5000
Processing structure 1990/5000
Processing structure 2000/5000
Processing structure 2010/5000
Processing structure 2020/5000
Processing structure 2030/5000
Processing structure 2040/5000
Processing structure 2050/5000
Processing structure 2060/5000
Processing structure 2070/5000
Processing structure 2080/5000
Processing structure 2090/5000
Processing structure 2100/5000
Processing structure 2110/5000
Processing structure 2120/5000
Processing structure 2130/5000
Processing structure 2140/5000
Processing structure 2150/5000
Processing structure 2160/5000
Processing structure 2170/5000
Processing structure 2180/5000
Processing structure 2190/5000
Processing structure 2200/5000
Processing structure 2210/5000
Processing structure 2220/5000
Processing structure 2230/5000
Processing structure 2240/5000
Processing structure 2250/5000
Processing structure 2260/5000
Processing structure 2270/5000
Processing structure 2280/5000
Processing structure 2290/5000
Processing structure 2300/5000
Processing structure 2310/5000
Processing structure 2320/5000
Processing structure 2330/5000
Processing structure 2340/5000
Processing structure 2350/5000
Processing structure 2360/5000
Processing structure 2370/5000
Processing structure 2380/5000
Processing structure 2390/5000
Processing structure 2400/5000
Processing structure 2410/5000
Processing structure 2420/5000
Processing structure 2430/5000
Processing structure 2440/5000
Processing structure 2450/5000
Processing structure 2460/5000
Processing structure 2470/5000
Processing structure 2480/5000
Processing structure 2490/5000
Processing structure 2500/5000
Processing structure 2510/5000
Processing structure 2520/5000
Processing structure 2530/5000
Processing structure 2540/5000
Processing structure 2550/5000
Processing structure 2560/5000
Processing structure 2570/5000
Processing structure 2580/5000
Processing structure 2590/5000
Processing structure 2600/5000
Processing structure 2610/5000
Processing structure 2620/5000
Processing structure 2630/5000
Processing structure 2640/5000
Processing structure 2650/5000
Processing structure 2660/5000
Processing structure 2670/5000
Processing structure 2680/5000
Processing structure 2690/5000
Processing structure 2700/5000
Processing structure 2710/5000
Processing structure 2720/5000
Processing structure 2730/5000
Processing structure 2740/5000
Processing structure 2750/5000
Processing structure 2760/5000
Processing structure 2770/5000
Processing structure 2780/5000
Processing structure 2790/5000
Processing structure 2800/5000
Processing structure 2810/5000
Processing structure 2820/5000
Processing structure 2830/5000
Processing structure 2840/5000
Processing structure 2850/5000
Processing structure 2860/5000
Processing structure 2870/5000
Processing structure 2880/5000
Processing structure 2890/5000
Processing structure 2900/5000
Processing structure 2910/5000
Processing structure 2920/5000
Processing structure 2930/5000
Processing structure 2940/5000
Processing structure 2950/5000
Processing structure 2960/5000
Processing structure 2970/5000
Processing structure 2980/5000
Processing structure 2990/5000
Processing structure 3000/5000
Processing structure 3010/5000
Processing structure 3020/5000
Processing structure 3030/5000
Processing structure 3040/5000
Processing structure 3050/5000
Processing structure 3060/5000
Processing structure 3070/5000
Processing structure 3080/5000
Processing structure 3090/5000
Processing structure 3100/5000
Processing structure 3110/5000
Processing structure 3120/5000
Processing structure 3130/5000
Processing structure 3140/5000
Processing structure 3150/5000
Processing structure 3160/5000
Processing structure 3170/5000
Processing structure 3180/5000
Processing structure 3190/5000
Processing structure 3200/5000
Processing structure 3210/5000
Processing structure 3220/5000
Processing structure 3230/5000
Processing structure 3240/5000
Processing structure 3250/5000
Processing structure 3260/5000
Processing structure 3270/5000
Processing structure 3280/5000
Processing structure 3290/5000
Processing structure 3300/5000
Processing structure 3310/5000
Processing structure 3320/5000
Processing structure 3330/5000
Processing structure 3340/5000
Processing structure 3350/5000
Processing structure 3360/5000
Processing structure 3370/5000
Processing structure 3380/5000
Processing structure 3390/5000
Processing structure 3400/5000
Processing structure 3410/5000
Processing structure 3420/5000
Processing structure 3430/5000
Processing structure 3440/5000
Processing structure 3450/5000
Processing structure 3460/5000
Processing structure 3470/5000
Processing structure 3480/5000
Processing structure 3490/5000
Processing structure 3500/5000
Processing structure 3510/5000
Processing structure 3520/5000
Processing structure 3530/5000
Processing structure 3540/5000
Processing structure 3550/5000
Processing structure 3560/5000
Processing structure 3570/5000
Processing structure 3580/5000
Processing structure 3590/5000
Processing structure 3600/5000
Processing structure 3610/5000
Processing structure 3620/5000
Processing structure 3630/5000
Processing structure 3640/5000
Processing structure 3650/5000
Processing structure 3660/5000
Processing structure 3670/5000
Processing structure 3680/5000
Processing structure 3690/5000
Processing structure 3700/5000
Processing structure 3710/5000
Processing structure 3720/5000
Processing structure 3730/5000
Processing structure 3740/5000
Processing structure 3750/5000
Processing structure 3760/5000
Processing structure 3770/5000
Processing structure 3780/5000
Processing structure 3790/5000
Processing structure 3800/5000
Processing structure 3810/5000
Processing structure 3820/5000
Processing structure 3830/5000
Processing structure 3840/5000
Processing structure 3850/5000
Processing structure 3860/5000
Processing structure 3870/5000
Processing structure 3880/5000
Processing structure 3890/5000
Processing structure 3900/5000
Processing structure 3910/5000
Processing structure 3920/5000
Processing structure 3930/5000
Processing structure 3940/5000
Processing structure 3950/5000
Processing structure 3960/5000
Processing structure 3970/5000
Processing structure 3980/5000
Processing structure 3990/5000
Processing structure 4000/5000
Processing structure 4010/5000
Processing structure 4020/5000
Processing structure 4030/5000
Processing structure 4040/5000
Processing structure 4050/5000
Processing structure 4060/5000
Processing structure 4070/5000
Processing structure 4080/5000
Processing structure 4090/5000
Processing structure 4100/5000
Processing structure 4110/5000
Processing structure 4120/5000
Processing structure 4130/5000
Processing structure 4140/5000
Processing structure 4150/5000
Processing structure 4160/5000
Processing structure 4170/5000
Processing structure 4180/5000
Processing structure 4190/5000
Processing structure 4200/5000
Processing structure 4210/5000
Processing structure 4220/5000
Processing structure 4230/5000
Processing structure 4240/5000
Processing structure 4250/5000
Processing structure 4260/5000
Processing structure 4270/5000
Processing structure 4280/5000
Processing structure 4290/5000
Processing structure 4300/5000
Processing structure 4310/5000
Processing structure 4320/5000
Processing structure 4330/5000
Processing structure 4340/5000
Processing structure 4350/5000
Processing structure 4360/5000
Processing structure 4370/5000
Processing structure 4380/5000
Processing structure 4390/5000
Processing structure 4400/5000
Processing structure 4410/5000
Processing structure 4420/5000
Processing structure 4430/5000
Processing structure 4440/5000
Processing structure 4450/5000
Processing structure 4460/5000
Processing structure 4470/5000
Processing structure 4480/5000
Processing structure 4490/5000
Processing structure 4500/5000
Processing structure 4510/5000
Processing structure 4520/5000
Processing structure 4530/5000
Processing structure 4540/5000
Processing structure 4550/5000
Processing structure 4560/5000
Processing structure 4570/5000
Processing structure 4580/5000
Processing structure 4590/5000
Processing structure 4600/5000
Processing structure 4610/5000
Processing structure 4620/5000
Processing structure 4630/5000
Processing structure 4640/5000
Processing structure 4650/5000
Processing structure 4660/5000
Processing structure 4670/5000
Processing structure 4680/5000
Processing structure 4690/5000
Processing structure 4700/5000
Processing structure 4710/5000
Processing structure 4720/5000
Processing structure 4730/5000
Processing structure 4740/5000
Processing structure 4750/5000
Processing structure 4760/5000
Processing structure 4770/5000
Processing structure 4780/5000
Processing structure 4790/5000
Processing structure 4800/5000
Processing structure 4810/5000
Processing structure 4820/5000
Processing structure 4830/5000
Processing structure 4840/5000
Processing structure 4850/5000
Processing structure 4860/5000
Processing structure 4870/5000
Processing structure 4880/5000
Processing structure 4890/5000
Processing structure 4900/5000
Processing structure 4910/5000
Processing structure 4920/5000
Processing structure 4930/5000
Processing structure 4940/5000
Processing structure 4950/5000
Processing structure 4960/5000
Processing structure 4970/5000
Processing structure 4980/5000
Processing structure 4990/5000
Processing structure 5000/5000
ORB features extracted: 1792 features for 5000 structures
Generated feature matrix with shape: (5000, 1793)
✅ Successfully saved features to 'mv_orb_featurized_data/orb_features_alexandria5000test.csv'

--------------------------------------------------------------------------------
🎉 COMPLETED TASK: alexandria5000test
🕒 Total wall time for this task: 1375.85 seconds
--------------------------------------------------------------------------------

Job finished on Thu Oct 23 20:48:11 CEST 2025

Resources Used

Total Memory used                        - MEM              : 2.9GiB
Total CPU Time                           - CPU_Time         : 12:33:04
Execution Time                           - Wall_Time        : 00:23:32
total programme cpu time                 - Total_CPU        : 23:28.982
Total_CPU / CPU_Time  (%)                - ETA              : 3%
Number of alloc CPU                      - NCPUS            : 32
Number of Mobilized Resources per Job    - NCPUS_EQUIV_PJOB : 64
Mobilized Resources x Execution Time     - R_Wall_Time      : 1-01:06:08
CPU_Time / R_Wall_Time (%)               - ALPHA            : 50%
Energy (Joules)                                             : unknown

