Job started on Wed Oct 15 20:24:25 CEST 2025
Running on node(s): cna028

EnvironmentLocationNotFound: Not a conda environment: /gpfs/scratch/acad/htforft/rgouvea/orb_env

/gpfs/scratch/acad/htforft/rgouvea/MatterVial/mattervial/featurizers/__init__.py:20: UserWarning: Composition featurizers not available: No module named 'torch_scatter'
  warnings.warn(f"Composition featurizers not available: {e}")

================================================================================
🚀 STARTING TASK: m2ax_223
================================================================================

Loading data from './featurize_with_MM/m2ax_223.csv'...
Parsing structure data from 'structure' column...
Data loading and preparation complete.
Computing ORB features for 223 structures...
/gpfs/home/acad/ucl-modl/rgouvea/miniconda3/envs/orb_env/lib/python3.11/site-packages/orb_models/utils.py:30: UserWarning: Setting global torch default dtype to torch.float32.
  warnings.warn(f"Setting global torch default dtype to {torch_dtype}.")
Processing structure 10/223
Processing structure 20/223
Processing structure 30/223
Processing structure 40/223
Processing structure 50/223
Processing structure 60/223
Processing structure 70/223
Processing structure 80/223
Processing structure 90/223
Processing structure 100/223
Processing structure 110/223
Processing structure 120/223
Processing structure 130/223
Processing structure 140/223
Processing structure 150/223
Processing structure 160/223
Processing structure 170/223
Processing structure 180/223
Processing structure 190/223
Processing structure 200/223
Processing structure 210/223
Processing structure 220/223
Processing structure 223/223
ORB features extracted: 1792 features for 223 structures
Generated feature matrix with shape: (223, 1793)
✅ Successfully saved features to 'orb_featurized_data/orb_features_m2ax_223.csv'

--------------------------------------------------------------------------------
🎉 COMPLETED TASK: m2ax_223
--------------------------------------------------------------------------------


================================================================================
🚀 STARTING TASK: tholander_nitrides_12815
================================================================================

Loading data from 'tholander_nitrides_12815.csv'...
Parsing structure data from 'final_structure_json' column...
Data loading and preparation complete.
Computing ORB features for 12815 structures...
/gpfs/home/acad/ucl-modl/rgouvea/miniconda3/envs/orb_env/lib/python3.11/site-packages/orb_models/utils.py:30: UserWarning: Setting global torch default dtype to torch.float32.
  warnings.warn(f"Setting global torch default dtype to {torch_dtype}.")
Processing structure 10/12815
Processing structure 20/12815
Processing structure 30/12815
Processing structure 40/12815
Processing structure 50/12815
Processing structure 60/12815
Processing structure 70/12815
Processing structure 80/12815
Processing structure 90/12815
Processing structure 100/12815
Processing structure 110/12815
Processing structure 120/12815
Processing structure 130/12815
Processing structure 140/12815
Processing structure 150/12815
Processing structure 160/12815
Processing structure 170/12815
Processing structure 180/12815
Processing structure 190/12815
Processing structure 200/12815
Processing structure 210/12815
Processing structure 220/12815
Processing structure 230/12815
Processing structure 240/12815
Processing structure 250/12815
Processing structure 260/12815
Processing structure 270/12815
Processing structure 280/12815
Processing structure 290/12815
Processing structure 300/12815
Processing structure 310/12815
Processing structure 320/12815
Processing structure 330/12815
Processing structure 340/12815
Processing structure 350/12815
Processing structure 360/12815
Processing structure 370/12815
Processing structure 380/12815
Processing structure 390/12815
Processing structure 400/12815
Processing structure 410/12815
Processing structure 420/12815
Processing structure 430/12815
Processing structure 440/12815
Processing structure 450/12815
Processing structure 460/12815
Processing structure 470/12815
Processing structure 480/12815
Processing structure 490/12815
Processing structure 500/12815
Processing structure 510/12815
Processing structure 520/12815
Processing structure 530/12815
Processing structure 540/12815
Processing structure 550/12815
Processing structure 560/12815
Processing structure 570/12815
Processing structure 580/12815
Processing structure 590/12815
Processing structure 600/12815
Processing structure 610/12815
Processing structure 620/12815
Processing structure 630/12815
Processing structure 640/12815
Processing structure 650/12815
Processing structure 660/12815
Processing structure 670/12815
Processing structure 680/12815
Processing structure 690/12815
Processing structure 700/12815
Processing structure 710/12815
Processing structure 720/12815
Processing structure 730/12815
Processing structure 740/12815
Processing structure 750/12815
Processing structure 760/12815
Processing structure 770/12815
Processing structure 780/12815
Processing structure 790/12815
Processing structure 800/12815
Processing structure 810/12815
Processing structure 820/12815
Processing structure 830/12815
Processing structure 840/12815
Processing structure 850/12815
Processing structure 860/12815
Processing structure 870/12815
Processing structure 880/12815
Processing structure 890/12815
Processing structure 900/12815
Processing structure 910/12815
Processing structure 920/12815
Processing structure 930/12815
Processing structure 940/12815
Processing structure 950/12815
Processing structure 960/12815
Processing structure 970/12815
Processing structure 980/12815
Processing structure 990/12815
Processing structure 1000/12815
Processing structure 1010/12815
Processing structure 1020/12815
Processing structure 1030/12815
Processing structure 1040/12815
Processing structure 1050/12815
Processing structure 1060/12815
Processing structure 1070/12815
Processing structure 1080/12815
Processing structure 1090/12815
Processing structure 1100/12815
Processing structure 1110/12815
Processing structure 1120/12815
Processing structure 1130/12815
Processing structure 1140/12815
Processing structure 1150/12815
Processing structure 1160/12815
Processing structure 1170/12815
Processing structure 1180/12815
Processing structure 1190/12815
Processing structure 1200/12815
Processing structure 1210/12815
Processing structure 1220/12815
Processing structure 1230/12815
Processing structure 1240/12815
Processing structure 1250/12815
Processing structure 1260/12815
Processing structure 1270/12815
Processing structure 1280/12815
Processing structure 1290/12815
Processing structure 1300/12815
Processing structure 1310/12815
Processing structure 1320/12815
Processing structure 1330/12815
Processing structure 1340/12815
Processing structure 1350/12815
Processing structure 1360/12815
Processing structure 1370/12815
Processing structure 1380/12815
Processing structure 1390/12815
Processing structure 1400/12815
Processing structure 1410/12815
Processing structure 1420/12815
Processing structure 1430/12815
Processing structure 1440/12815
Processing structure 1450/12815
Processing structure 1460/12815
Processing structure 1470/12815
Processing structure 1480/12815
Processing structure 1490/12815
Processing structure 1500/12815
Processing structure 1510/12815
Processing structure 1520/12815
Processing structure 1530/12815
Processing structure 1540/12815
Processing structure 1550/12815
Processing structure 1560/12815
Processing structure 1570/12815
Processing structure 1580/12815
Processing structure 1590/12815
Processing structure 1600/12815
Processing structure 1610/12815
Processing structure 1620/12815
Processing structure 1630/12815
Processing structure 1640/12815
Processing structure 1650/12815
Processing structure 1660/12815
Processing structure 1670/12815
Processing structure 1680/12815
Processing structure 1690/12815
Processing structure 1700/12815
Processing structure 1710/12815
Processing structure 1720/12815
Processing structure 1730/12815
Processing structure 1740/12815
Processing structure 1750/12815
Processing structure 1760/12815
Processing structure 1770/12815
Processing structure 1780/12815
Processing structure 1790/12815
Processing structure 1800/12815
Processing structure 1810/12815
Processing structure 1820/12815
Processing structure 1830/12815
Processing structure 1840/12815
Processing structure 1850/12815
Processing structure 1860/12815
Processing structure 1870/12815
Processing structure 1880/12815
Processing structure 1890/12815
Processing structure 1900/12815
Processing structure 1910/12815
Processing structure 1920/12815
Processing structure 1930/12815
Processing structure 1940/12815
Processing structure 1950/12815
Processing structure 1960/12815
Processing structure 1970/12815
Processing structure 1980/12815
Processing structure 1990/12815
Processing structure 2000/12815
Processing structure 2010/12815
Processing structure 2020/12815
Processing structure 2030/12815
Processing structure 2040/12815
Processing structure 2050/12815
Processing structure 2060/12815
Processing structure 2070/12815
Processing structure 2080/12815
Processing structure 2090/12815
Processing structure 2100/12815
Processing structure 2110/12815
Processing structure 2120/12815
Processing structure 2130/12815
Processing structure 2140/12815
Processing structure 2150/12815
Processing structure 2160/12815
Processing structure 2170/12815
Processing structure 2180/12815
Processing structure 2190/12815
Processing structure 2200/12815
Processing structure 2210/12815
Processing structure 2220/12815
Processing structure 2230/12815
Processing structure 2240/12815
Processing structure 2250/12815
Processing structure 2260/12815
Processing structure 2270/12815
Processing structure 2280/12815
Processing structure 2290/12815
Processing structure 2300/12815
Processing structure 2310/12815
Processing structure 2320/12815
Processing structure 2330/12815
Processing structure 2340/12815
Processing structure 2350/12815
Processing structure 2360/12815
Processing structure 2370/12815
Processing structure 2380/12815
Processing structure 2390/12815
Processing structure 2400/12815
Processing structure 2410/12815
Processing structure 2420/12815
Processing structure 2430/12815
Processing structure 2440/12815
Processing structure 2450/12815
Processing structure 2460/12815
Processing structure 2470/12815
Processing structure 2480/12815
Processing structure 2490/12815
Processing structure 2500/12815
Processing structure 2510/12815
Processing structure 2520/12815
Processing structure 2530/12815
Processing structure 2540/12815
Processing structure 2550/12815
Processing structure 2560/12815
Processing structure 2570/12815
Processing structure 2580/12815
Processing structure 2590/12815
Processing structure 2600/12815
Processing structure 2610/12815
Processing structure 2620/12815
Processing structure 2630/12815
Processing structure 2640/12815
Processing structure 2650/12815
Processing structure 2660/12815
Processing structure 2670/12815
Processing structure 2680/12815
Processing structure 2690/12815
Processing structure 2700/12815
Processing structure 2710/12815
Processing structure 2720/12815
Processing structure 2730/12815
Processing structure 2740/12815
Processing structure 2750/12815
Processing structure 2760/12815
Processing structure 2770/12815
Processing structure 2780/12815
Processing structure 2790/12815
Processing structure 2800/12815
Processing structure 2810/12815
Processing structure 2820/12815
Processing structure 2830/12815
Processing structure 2840/12815
Processing structure 2850/12815
Processing structure 2860/12815
Processing structure 2870/12815
Processing structure 2880/12815
Processing structure 2890/12815
Processing structure 2900/12815
Processing structure 2910/12815
Processing structure 2920/12815
Processing structure 2930/12815
Processing structure 2940/12815
Processing structure 2950/12815
Processing structure 2960/12815
Processing structure 2970/12815
Processing structure 2980/12815
Processing structure 2990/12815
Processing structure 3000/12815
Processing structure 3010/12815
Processing structure 3020/12815
Processing structure 3030/12815
Processing structure 3040/12815
Processing structure 3050/12815
Processing structure 3060/12815
Processing structure 3070/12815
Processing structure 3080/12815
Processing structure 3090/12815
Processing structure 3100/12815
Processing structure 3110/12815
Processing structure 3120/12815
Processing structure 3130/12815
Processing structure 3140/12815
Processing structure 3150/12815
Processing structure 3160/12815
Processing structure 3170/12815
Processing structure 3180/12815
Processing structure 3190/12815
Processing structure 3200/12815
Processing structure 3210/12815
Processing structure 3220/12815
Processing structure 3230/12815
Processing structure 3240/12815
Processing structure 3250/12815
Processing structure 3260/12815
Processing structure 3270/12815
Processing structure 3280/12815
Processing structure 3290/12815
Processing structure 3300/12815
Processing structure 3310/12815
Processing structure 3320/12815
Processing structure 3330/12815
Processing structure 3340/12815
Processing structure 3350/12815
Processing structure 3360/12815
Processing structure 3370/12815
Processing structure 3380/12815
Processing structure 3390/12815
Processing structure 3400/12815
Processing structure 3410/12815
Processing structure 3420/12815
Processing structure 3430/12815
Processing structure 3440/12815
Processing structure 3450/12815
Processing structure 3460/12815
Processing structure 3470/12815
Processing structure 3480/12815
Processing structure 3490/12815
Processing structure 3500/12815
Processing structure 3510/12815
Processing structure 3520/12815
Processing structure 3530/12815
Processing structure 3540/12815
Processing structure 3550/12815
Processing structure 3560/12815
Processing structure 3570/12815
Processing structure 3580/12815
Processing structure 3590/12815
Processing structure 3600/12815
Processing structure 3610/12815
Processing structure 3620/12815
Processing structure 3630/12815
Processing structure 3640/12815
Processing structure 3650/12815
Processing structure 3660/12815
Processing structure 3670/12815
Processing structure 3680/12815
Processing structure 3690/12815
Processing structure 3700/12815
Processing structure 3710/12815
Processing structure 3720/12815
Processing structure 3730/12815
Processing structure 3740/12815
Processing structure 3750/12815
Processing structure 3760/12815
Processing structure 3770/12815
Processing structure 3780/12815
Processing structure 3790/12815
Processing structure 3800/12815
Processing structure 3810/12815
Processing structure 3820/12815
Processing structure 3830/12815
Processing structure 3840/12815
Processing structure 3850/12815
Processing structure 3860/12815
Processing structure 3870/12815
Processing structure 3880/12815
Processing structure 3890/12815
Processing structure 3900/12815
Processing structure 3910/12815
Processing structure 3920/12815
Processing structure 3930/12815
Processing structure 3940/12815
Processing structure 3950/12815
Processing structure 3960/12815
Processing structure 3970/12815
Processing structure 3980/12815
Processing structure 3990/12815
Processing structure 4000/12815
Processing structure 4010/12815
Processing structure 4020/12815
Processing structure 4030/12815
Processing structure 4040/12815
Processing structure 4050/12815
Processing structure 4060/12815
Processing structure 4070/12815
Processing structure 4080/12815
Processing structure 4090/12815
Processing structure 4100/12815
Processing structure 4110/12815
Processing structure 4120/12815
Processing structure 4130/12815
Processing structure 4140/12815
Processing structure 4150/12815
Processing structure 4160/12815
Processing structure 4170/12815
Processing structure 4180/12815
Processing structure 4190/12815
Processing structure 4200/12815
Processing structure 4210/12815
Processing structure 4220/12815
Processing structure 4230/12815
Processing structure 4240/12815
Processing structure 4250/12815
Processing structure 4260/12815
Processing structure 4270/12815
Processing structure 4280/12815
Processing structure 4290/12815
Processing structure 4300/12815
Processing structure 4310/12815
Processing structure 4320/12815
Processing structure 4330/12815
Processing structure 4340/12815
Processing structure 4350/12815
Processing structure 4360/12815
Processing structure 4370/12815
Processing structure 4380/12815
Processing structure 4390/12815
Processing structure 4400/12815
Processing structure 4410/12815
Processing structure 4420/12815
Processing structure 4430/12815
Processing structure 4440/12815
Processing structure 4450/12815
Processing structure 4460/12815
Processing structure 4470/12815
Processing structure 4480/12815
Processing structure 4490/12815
Processing structure 4500/12815
Processing structure 4510/12815
Processing structure 4520/12815
Processing structure 4530/12815
Processing structure 4540/12815
Processing structure 4550/12815
Processing structure 4560/12815
Processing structure 4570/12815
Processing structure 4580/12815
Processing structure 4590/12815
Processing structure 4600/12815
Processing structure 4610/12815
Processing structure 4620/12815
Processing structure 4630/12815
Processing structure 4640/12815
Processing structure 4650/12815
Processing structure 4660/12815
Processing structure 4670/12815
Processing structure 4680/12815
Processing structure 4690/12815
Processing structure 4700/12815
Processing structure 4710/12815
Processing structure 4720/12815
Processing structure 4730/12815
Processing structure 4740/12815
Processing structure 4750/12815
Processing structure 4760/12815
Processing structure 4770/12815
Processing structure 4780/12815
Processing structure 4790/12815
Processing structure 4800/12815
Processing structure 4810/12815
Processing structure 4820/12815
Processing structure 4830/12815
Processing structure 4840/12815
Processing structure 4850/12815
Processing structure 4860/12815
Processing structure 4870/12815
Processing structure 4880/12815
Processing structure 4890/12815
Processing structure 4900/12815
Processing structure 4910/12815
Processing structure 4920/12815
Processing structure 4930/12815
Processing structure 4940/12815
Processing structure 4950/12815
Processing structure 4960/12815
Processing structure 4970/12815
Processing structure 4980/12815
Processing structure 4990/12815
Processing structure 5000/12815
Processing structure 5010/12815
Processing structure 5020/12815
Processing structure 5030/12815
Processing structure 5040/12815
Processing structure 5050/12815
Processing structure 5060/12815
Processing structure 5070/12815
Processing structure 5080/12815
Processing structure 5090/12815
Processing structure 5100/12815
Processing structure 5110/12815
Processing structure 5120/12815
Processing structure 5130/12815
Processing structure 5140/12815
Processing structure 5150/12815
Processing structure 5160/12815
Processing structure 5170/12815
Processing structure 5180/12815
Processing structure 5190/12815
Processing structure 5200/12815
Processing structure 5210/12815
Processing structure 5220/12815
Processing structure 5230/12815
Processing structure 5240/12815
Processing structure 5250/12815
Processing structure 5260/12815
Processing structure 5270/12815
Processing structure 5280/12815
Processing structure 5290/12815
Processing structure 5300/12815
Processing structure 5310/12815
Processing structure 5320/12815
Processing structure 5330/12815
Processing structure 5340/12815
Processing structure 5350/12815
Processing structure 5360/12815
Processing structure 5370/12815
Processing structure 5380/12815
Processing structure 5390/12815
Processing structure 5400/12815
Processing structure 5410/12815
Processing structure 5420/12815
Processing structure 5430/12815
Processing structure 5440/12815
Processing structure 5450/12815
Processing structure 5460/12815
Processing structure 5470/12815
Processing structure 5480/12815
Processing structure 5490/12815
Processing structure 5500/12815
Processing structure 5510/12815
Processing structure 5520/12815
Processing structure 5530/12815
Processing structure 5540/12815
Processing structure 5550/12815
Processing structure 5560/12815
Processing structure 5570/12815
Processing structure 5580/12815
Processing structure 5590/12815
Processing structure 5600/12815
Processing structure 5610/12815
Processing structure 5620/12815
Processing structure 5630/12815
Processing structure 5640/12815
Processing structure 5650/12815
Processing structure 5660/12815
Processing structure 5670/12815
Processing structure 5680/12815
Processing structure 5690/12815
Processing structure 5700/12815
Processing structure 5710/12815
Processing structure 5720/12815
Processing structure 5730/12815
Processing structure 5740/12815
Processing structure 5750/12815
Processing structure 5760/12815
Processing structure 5770/12815
Processing structure 5780/12815
Processing structure 5790/12815
Processing structure 5800/12815
Processing structure 5810/12815
Processing structure 5820/12815
Processing structure 5830/12815
Processing structure 5840/12815
Processing structure 5850/12815
Processing structure 5860/12815
Processing structure 5870/12815
Processing structure 5880/12815
Processing structure 5890/12815
Processing structure 5900/12815
Processing structure 5910/12815
Processing structure 5920/12815
Processing structure 5930/12815
Processing structure 5940/12815
Processing structure 5950/12815
Processing structure 5960/12815
Processing structure 5970/12815
Processing structure 5980/12815
Processing structure 5990/12815
Processing structure 6000/12815
Processing structure 6010/12815
Processing structure 6020/12815
Processing structure 6030/12815
Processing structure 6040/12815
Processing structure 6050/12815
Processing structure 6060/12815
Processing structure 6070/12815
Processing structure 6080/12815
Processing structure 6090/12815
Processing structure 6100/12815
Processing structure 6110/12815
Processing structure 6120/12815
Processing structure 6130/12815
Processing structure 6140/12815
Processing structure 6150/12815
Processing structure 6160/12815
Processing structure 6170/12815
Processing structure 6180/12815
Processing structure 6190/12815
Processing structure 6200/12815
Processing structure 6210/12815
Processing structure 6220/12815
Processing structure 6230/12815
Processing structure 6240/12815
Processing structure 6250/12815
Processing structure 6260/12815
Processing structure 6270/12815
Processing structure 6280/12815
Processing structure 6290/12815
Processing structure 6300/12815
Processing structure 6310/12815
Processing structure 6320/12815
Processing structure 6330/12815
Processing structure 6340/12815
Processing structure 6350/12815
Processing structure 6360/12815
Processing structure 6370/12815
Processing structure 6380/12815
Processing structure 6390/12815
Processing structure 6400/12815
Processing structure 6410/12815
Processing structure 6420/12815
Processing structure 6430/12815
Processing structure 6440/12815
Processing structure 6450/12815
Processing structure 6460/12815
Processing structure 6470/12815
Processing structure 6480/12815
Processing structure 6490/12815
Processing structure 6500/12815
Processing structure 6510/12815
Processing structure 6520/12815
Processing structure 6530/12815
Processing structure 6540/12815
Processing structure 6550/12815
Processing structure 6560/12815
Processing structure 6570/12815
Processing structure 6580/12815
Processing structure 6590/12815
Processing structure 6600/12815
Processing structure 6610/12815
Processing structure 6620/12815
Processing structure 6630/12815
Processing structure 6640/12815
Processing structure 6650/12815
Processing structure 6660/12815
Processing structure 6670/12815
Processing structure 6680/12815
Processing structure 6690/12815
Processing structure 6700/12815
Processing structure 6710/12815
Processing structure 6720/12815
Processing structure 6730/12815
Processing structure 6740/12815
Processing structure 6750/12815
Processing structure 6760/12815
Processing structure 6770/12815
Processing structure 6780/12815
Processing structure 6790/12815
Processing structure 6800/12815
Processing structure 6810/12815
Processing structure 6820/12815
Processing structure 6830/12815
Processing structure 6840/12815
Processing structure 6850/12815
Processing structure 6860/12815
Processing structure 6870/12815
Processing structure 6880/12815
Processing structure 6890/12815
Processing structure 6900/12815
Processing structure 6910/12815
Processing structure 6920/12815
Processing structure 6930/12815
Processing structure 6940/12815
Processing structure 6950/12815
Processing structure 6960/12815
Processing structure 6970/12815
Processing structure 6980/12815
Processing structure 6990/12815
Processing structure 7000/12815
Processing structure 7010/12815
Processing structure 7020/12815
Processing structure 7030/12815
Processing structure 7040/12815
Processing structure 7050/12815
Processing structure 7060/12815
Processing structure 7070/12815
Processing structure 7080/12815
Processing structure 7090/12815
Processing structure 7100/12815
Processing structure 7110/12815
Processing structure 7120/12815
Processing structure 7130/12815
Processing structure 7140/12815
Processing structure 7150/12815
Processing structure 7160/12815
Processing structure 7170/12815
Processing structure 7180/12815
Processing structure 7190/12815
Processing structure 7200/12815
Processing structure 7210/12815
Processing structure 7220/12815
Processing structure 7230/12815
Processing structure 7240/12815
Processing structure 7250/12815
Processing structure 7260/12815
Processing structure 7270/12815
Processing structure 7280/12815
Processing structure 7290/12815
Processing structure 7300/12815
Processing structure 7310/12815
Processing structure 7320/12815
Processing structure 7330/12815
Processing structure 7340/12815
Processing structure 7350/12815
Processing structure 7360/12815
Processing structure 7370/12815
Processing structure 7380/12815
Processing structure 7390/12815
Processing structure 7400/12815
Processing structure 7410/12815
Processing structure 7420/12815
Processing structure 7430/12815
Processing structure 7440/12815
Processing structure 7450/12815
Processing structure 7460/12815
Processing structure 7470/12815
Processing structure 7480/12815
Processing structure 7490/12815
Processing structure 7500/12815
Processing structure 7510/12815
Processing structure 7520/12815
Processing structure 7530/12815
Processing structure 7540/12815
Processing structure 7550/12815
Processing structure 7560/12815
Processing structure 7570/12815
Processing structure 7580/12815
Processing structure 7590/12815
Processing structure 7600/12815
Processing structure 7610/12815
Processing structure 7620/12815
Processing structure 7630/12815
Processing structure 7640/12815
Processing structure 7650/12815
Processing structure 7660/12815
Processing structure 7670/12815
Processing structure 7680/12815
Processing structure 7690/12815
Processing structure 7700/12815
Processing structure 7710/12815
Processing structure 7720/12815
Processing structure 7730/12815
Processing structure 7740/12815
Processing structure 7750/12815
Processing structure 7760/12815
Processing structure 7770/12815
Processing structure 7780/12815
Processing structure 7790/12815
Processing structure 7800/12815
Processing structure 7810/12815
Processing structure 7820/12815
Processing structure 7830/12815
Processing structure 7840/12815
Processing structure 7850/12815
Processing structure 7860/12815
Processing structure 7870/12815
Processing structure 7880/12815
Processing structure 7890/12815
Processing structure 7900/12815
Processing structure 7910/12815
Processing structure 7920/12815
Processing structure 7930/12815
Processing structure 7940/12815
Processing structure 7950/12815
Processing structure 7960/12815
Processing structure 7970/12815
Processing structure 7980/12815
Processing structure 7990/12815
Processing structure 8000/12815
Processing structure 8010/12815
Processing structure 8020/12815
Processing structure 8030/12815
Processing structure 8040/12815
Processing structure 8050/12815
Processing structure 8060/12815
Processing structure 8070/12815
Processing structure 8080/12815
Processing structure 8090/12815
Processing structure 8100/12815
Processing structure 8110/12815
Processing structure 8120/12815
Processing structure 8130/12815
Processing structure 8140/12815
Processing structure 8150/12815
Processing structure 8160/12815
Processing structure 8170/12815
Processing structure 8180/12815
Processing structure 8190/12815
Processing structure 8200/12815
Processing structure 8210/12815
Processing structure 8220/12815
Processing structure 8230/12815
Processing structure 8240/12815
Processing structure 8250/12815
Processing structure 8260/12815
Processing structure 8270/12815
Processing structure 8280/12815
Processing structure 8290/12815
Processing structure 8300/12815
Processing structure 8310/12815
Processing structure 8320/12815
Processing structure 8330/12815
Processing structure 8340/12815
Processing structure 8350/12815
Processing structure 8360/12815
Processing structure 8370/12815
Processing structure 8380/12815
Processing structure 8390/12815
Processing structure 8400/12815
Processing structure 8410/12815
Processing structure 8420/12815
Processing structure 8430/12815
Processing structure 8440/12815
Processing structure 8450/12815
Processing structure 8460/12815
Processing structure 8470/12815
Processing structure 8480/12815
Processing structure 8490/12815
Processing structure 8500/12815
Processing structure 8510/12815
Processing structure 8520/12815
Processing structure 8530/12815
Processing structure 8540/12815
Processing structure 8550/12815
Processing structure 8560/12815
Processing structure 8570/12815
Processing structure 8580/12815
Processing structure 8590/12815
Processing structure 8600/12815
Processing structure 8610/12815
Processing structure 8620/12815
Processing structure 8630/12815
Processing structure 8640/12815
Processing structure 8650/12815
Processing structure 8660/12815
Processing structure 8670/12815
Processing structure 8680/12815
Processing structure 8690/12815
Processing structure 8700/12815
Processing structure 8710/12815
Processing structure 8720/12815
Processing structure 8730/12815
Processing structure 8740/12815
Processing structure 8750/12815
Processing structure 8760/12815
Processing structure 8770/12815
Processing structure 8780/12815
Processing structure 8790/12815
Processing structure 8800/12815
Processing structure 8810/12815
Processing structure 8820/12815
Processing structure 8830/12815
Processing structure 8840/12815
Processing structure 8850/12815
Processing structure 8860/12815
Processing structure 8870/12815
Processing structure 8880/12815
Processing structure 8890/12815
Processing structure 8900/12815
Processing structure 8910/12815
Processing structure 8920/12815
Processing structure 8930/12815
Processing structure 8940/12815
Processing structure 8950/12815
Processing structure 8960/12815
Processing structure 8970/12815
Processing structure 8980/12815
Processing structure 8990/12815
Processing structure 9000/12815
Processing structure 9010/12815
Processing structure 9020/12815
Processing structure 9030/12815
Processing structure 9040/12815
Processing structure 9050/12815
Processing structure 9060/12815
Processing structure 9070/12815
Processing structure 9080/12815
Processing structure 9090/12815
Processing structure 9100/12815
Processing structure 9110/12815
Processing structure 9120/12815
Processing structure 9130/12815
Processing structure 9140/12815
Processing structure 9150/12815
Processing structure 9160/12815
Processing structure 9170/12815
Processing structure 9180/12815
Processing structure 9190/12815
Processing structure 9200/12815
Processing structure 9210/12815
Processing structure 9220/12815
Processing structure 9230/12815
Processing structure 9240/12815
Processing structure 9250/12815
Processing structure 9260/12815
Processing structure 9270/12815
Processing structure 9280/12815
Processing structure 9290/12815
Processing structure 9300/12815
Processing structure 9310/12815
Processing structure 9320/12815
Processing structure 9330/12815
Processing structure 9340/12815
Processing structure 9350/12815
Processing structure 9360/12815
Processing structure 9370/12815
Processing structure 9380/12815
Processing structure 9390/12815
Processing structure 9400/12815
Processing structure 9410/12815
Processing structure 9420/12815
Processing structure 9430/12815
Processing structure 9440/12815
Processing structure 9450/12815
Processing structure 9460/12815
Processing structure 9470/12815
Processing structure 9480/12815
Processing structure 9490/12815
Processing structure 9500/12815
Processing structure 9510/12815
Processing structure 9520/12815
Processing structure 9530/12815
Processing structure 9540/12815
Processing structure 9550/12815
Processing structure 9560/12815
Processing structure 9570/12815
Processing structure 9580/12815
Processing structure 9590/12815
Processing structure 9600/12815
Processing structure 9610/12815
Processing structure 9620/12815
Processing structure 9630/12815
Processing structure 9640/12815
Processing structure 9650/12815
Processing structure 9660/12815
Processing structure 9670/12815
Processing structure 9680/12815
Processing structure 9690/12815
Processing structure 9700/12815
Processing structure 9710/12815
Processing structure 9720/12815
Processing structure 9730/12815
Processing structure 9740/12815
Processing structure 9750/12815
Processing structure 9760/12815
Processing structure 9770/12815
Processing structure 9780/12815
Processing structure 9790/12815
Processing structure 9800/12815
Processing structure 9810/12815
Processing structure 9820/12815
Processing structure 9830/12815
Processing structure 9840/12815
Processing structure 9850/12815
Processing structure 9860/12815
Processing structure 9870/12815
Processing structure 9880/12815
Processing structure 9890/12815
Processing structure 9900/12815
Processing structure 9910/12815
Processing structure 9920/12815
Processing structure 9930/12815
Processing structure 9940/12815
Processing structure 9950/12815
Processing structure 9960/12815
Processing structure 9970/12815
Processing structure 9980/12815
Processing structure 9990/12815
Processing structure 10000/12815
Processing structure 10010/12815
Processing structure 10020/12815
Processing structure 10030/12815
Processing structure 10040/12815
Processing structure 10050/12815
Processing structure 10060/12815
Processing structure 10070/12815
Processing structure 10080/12815
Processing structure 10090/12815
Processing structure 10100/12815
Processing structure 10110/12815
Processing structure 10120/12815
Processing structure 10130/12815
Processing structure 10140/12815
Processing structure 10150/12815
Processing structure 10160/12815
Processing structure 10170/12815
Processing structure 10180/12815
Processing structure 10190/12815
Processing structure 10200/12815
Processing structure 10210/12815
Processing structure 10220/12815
Processing structure 10230/12815
Processing structure 10240/12815
Processing structure 10250/12815
Processing structure 10260/12815
Processing structure 10270/12815
Processing structure 10280/12815
Processing structure 10290/12815
Processing structure 10300/12815
Processing structure 10310/12815
Processing structure 10320/12815
Processing structure 10330/12815
Processing structure 10340/12815
Processing structure 10350/12815
Processing structure 10360/12815
Processing structure 10370/12815
Processing structure 10380/12815
Processing structure 10390/12815
Processing structure 10400/12815
Processing structure 10410/12815
Processing structure 10420/12815
Processing structure 10430/12815
Processing structure 10440/12815
Processing structure 10450/12815
Processing structure 10460/12815
Processing structure 10470/12815
Processing structure 10480/12815
Processing structure 10490/12815
Processing structure 10500/12815
Processing structure 10510/12815
Processing structure 10520/12815
Processing structure 10530/12815
Processing structure 10540/12815
Processing structure 10550/12815
Processing structure 10560/12815
Processing structure 10570/12815
Processing structure 10580/12815
Processing structure 10590/12815
Processing structure 10600/12815
Processing structure 10610/12815
Processing structure 10620/12815
Processing structure 10630/12815
Processing structure 10640/12815
Processing structure 10650/12815
Processing structure 10660/12815
Processing structure 10670/12815
Processing structure 10680/12815
Processing structure 10690/12815
Processing structure 10700/12815
Processing structure 10710/12815
Processing structure 10720/12815
Processing structure 10730/12815
Processing structure 10740/12815
Processing structure 10750/12815
Processing structure 10760/12815
Processing structure 10770/12815
Processing structure 10780/12815
Processing structure 10790/12815
Processing structure 10800/12815
Processing structure 10810/12815
slurmstepd: error: *** JOB 10803398 ON cna028 CANCELLED AT 2025-10-15T20:29:46 DUE TO TIME LIMIT ***

Resources Used

Total Memory used                        - MEM              : 4.4GiB
Total CPU Time                           - CPU_Time         : 00:05:21
Execution Time                           - Wall_Time        : 00:05:21
total programme cpu time                 - Total_CPU        : 04:16.723
Total_CPU / CPU_Time  (%)                - ETA              : 79%
Number of alloc CPU                      - NCPUS            : 1
Number of Mobilized Resources per Job    - NCPUS_EQUIV_PJOB : 64
Mobilized Resources x Execution Time     - R_Wall_Time      : 05:42:24
CPU_Time / R_Wall_Time (%)               - ALPHA            : 1%
Energy (Joules)                                             : unknown

