Job started on Wed Oct 15 22:44:23 CEST 2025
Running on node(s): cna045
<frozen importlib._bootstrap>:228: RuntimeWarning: scipy._lib.messagestream.MessageStream size changed, may indicate binary incompatibility. Expected 56 from C header, got 64 from PyObject
Warning: ORB models not available. Please install orb-models to use ORBFeaturizer.
Initializing mattervial featurizers...
Featurizers initialized.

================================================================================
🚀 STARTING TASK: tholander_nitrides_12815
================================================================================

Loading data from 'tholander_nitrides_12815.csv'...
Parsing structure data from 'final_structure_json' column...
Generating chemical formulas from structures...
Data loading and preparation complete.
Featurizing 12815 valid entries...
Computing L_OFM features...
2025-10-15 22:45:11.910205: I tensorflow/core/platform/cpu_feature_guard.cc:182] This TensorFlow binary is optimized to use available CPU instructions in performance-critical operations.
To enable the following instructions: SSE4.1 SSE4.2 AVX AVX2 FMA, in other operations, rebuild TensorFlow with the appropriate compiler flags.
2025-10-15 22:45:39.127014: W tensorflow/core/common_runtime/gpu/gpu_device.cc:1960] Cannot dlopen some GPU libraries. Please make sure the missing libraries mentioned above are installed properly if you would like to use GPU. Follow the guide at https://www.tensorflow.org/install/gpu for how to download and setup the required libraries for your platform.
Skipping registering GPU devices...
Total params: 644652 (2.46 MB)
Processing 12815 structures with OFMEncoded_v1 model...
Converting 12815 structures to graphs...
Successfully converted 12815/12815 structures.
Predicting on 12815 structures using model.predict_structures...
Computing L_MM features...
Total params: 681702 (2.60 MB)
Processing 12815 structures with MatMinerEncoded_v1 model...
Converting 12815 structures to graphs...
Successfully converted 12815/12815 structures.
Predicting on 12815 structures using model.predict_structures...
Computing MVL features...
Preparing graphs for all 6 MVL models...
Converting 12815 structures to graphs...
Successfully converted 12815/12815 structures.
Processing model: Eform_MP_2019 for all layers...
Predicting on 12815 graphs sequentially...
Features for all layers calculated for model Eform_MP_2019.
Processing model: Efermi_MP_2019 for all layers...
Predicting on 12815 graphs sequentially...
Features for all layers calculated for model Efermi_MP_2019.
Processing model: Bandgap_classifier_MP_2018 for all layers...
Predicting on 12815 graphs sequentially...
Features for all layers calculated for model Bandgap_classifier_MP_2018.
Processing model: Bandgap_MP_2018 for all layers...
Predicting on 12815 graphs sequentially...
Features for all layers calculated for model Bandgap_MP_2018.
Processing model: logK_MP_2019 for all layers...
Predicting on 12815 graphs sequentially...
Features for all layers calculated for model logK_MP_2019.
Processing model: logG_MP_2019 for all layers...
Predicting on 12815 graphs sequentially...
Features for all layers calculated for model logG_MP_2019.
Computing ROOST_MPGAP features...
PyTorch version: 2.2.2+cu121
CUDA available: True
CUDA device count: 1
Current CUDA device: 0
Device name: NVIDIA A100-SXM4-40GB
Using MP_GAP ROOST model from: /gpfs/home/acad/ucl-modl/rgouvea/miniconda3/envs/ML39/lib/python3.9/site-packages/mattervial-0.1.4-py3.9.egg/mattervial/featurizers/custom_models/mpgap_checkpoint-r0.pth.tar
Model loaded successfully!

Processing dataset: /tmp/tmpkx4c97k3.csv
Processed batch 200...
Processed batch 400...
Computing ROOST_OQMD features...
PyTorch version: 2.2.2+cu121
CUDA available: True
CUDA device count: 1
Current CUDA device: 0
Device name: NVIDIA A100-SXM4-40GB
Using OQMD_Eform ROOST model from: /gpfs/home/acad/ucl-modl/rgouvea/miniconda3/envs/ML39/lib/python3.9/site-packages/mattervial-0.1.4-py3.9.egg/mattervial/featurizers/custom_models/oqmd_eform_checkpoint-r0.pth.tar
Model loaded successfully!

Processing dataset: /tmp/tmpsnte9ji8.csv
Processed batch 200...
Processed batch 400...
Combining all features...
Generated combined feature matrix with shape: (12815, 1491)
✅ Successfully saved combined features to 'mattervial_noorb_featurized_data/all_features_tholander_nitrides_12815.csv'

--------------------------------------------------------------------------------
🎉 COMPLETED TASK: tholander_nitrides_12815
🕒 Total wall time for this task: 4408.28 seconds
--------------------------------------------------------------------------------


================================================================================
🚀 STARTING TASK: boltztrap_mp_8924
================================================================================

Loading data from 'boltztrap_mp_8924.csv'...
Parsing structure data from 'structure_json' column...
Generating chemical formulas from structures...
Data loading and preparation complete.
Featurizing 8924 valid entries...
Computing L_OFM features...
Total params: 644652 (2.46 MB)
Processing 8924 structures with OFMEncoded_v1 model...
Converting 8924 structures to graphs...
Successfully converted 8924/8924 structures.
Predicting on 8924 structures using model.predict_structures...
Computing L_MM features...
Total params: 681702 (2.60 MB)
Processing 8924 structures with MatMinerEncoded_v1 model...
Converting 8924 structures to graphs...
Successfully converted 8924/8924 structures.
Predicting on 8924 structures using model.predict_structures...
Computing MVL features...
Preparing graphs for all 6 MVL models...
Converting 8924 structures to graphs...
Successfully converted 8924/8924 structures.
Processing model: Eform_MP_2019 for all layers...
Predicting on 8924 graphs sequentially...
Features for all layers calculated for model Eform_MP_2019.
Processing model: Efermi_MP_2019 for all layers...
Predicting on 8924 graphs sequentially...
Features for all layers calculated for model Efermi_MP_2019.
Processing model: Bandgap_classifier_MP_2018 for all layers...
Predicting on 8924 graphs sequentially...
Features for all layers calculated for model Bandgap_classifier_MP_2018.
Processing model: Bandgap_MP_2018 for all layers...
Predicting on 8924 graphs sequentially...
Features for all layers calculated for model Bandgap_MP_2018.
Processing model: logK_MP_2019 for all layers...
Predicting on 8924 graphs sequentially...
Features for all layers calculated for model logK_MP_2019.
Processing model: logG_MP_2019 for all layers...
Predicting on 8924 graphs sequentially...
Features for all layers calculated for model logG_MP_2019.
Computing ROOST_MPGAP features...
PyTorch version: 2.2.2+cu121
CUDA available: True
CUDA device count: 1
Current CUDA device: 0
Device name: NVIDIA A100-SXM4-40GB
Using MP_GAP ROOST model from: /gpfs/home/acad/ucl-modl/rgouvea/miniconda3/envs/ML39/lib/python3.9/site-packages/mattervial-0.1.4-py3.9.egg/mattervial/featurizers/custom_models/mpgap_checkpoint-r0.pth.tar
Model loaded successfully!

Processing dataset: /tmp/tmpsa6jvvtk.csv
Processed batch 200...
Computing ROOST_OQMD features...
PyTorch version: 2.2.2+cu121
CUDA available: True
CUDA device count: 1
Current CUDA device: 0
Device name: NVIDIA A100-SXM4-40GB
Using OQMD_Eform ROOST model from: /gpfs/home/acad/ucl-modl/rgouvea/miniconda3/envs/ML39/lib/python3.9/site-packages/mattervial-0.1.4-py3.9.egg/mattervial/featurizers/custom_models/oqmd_eform_checkpoint-r0.pth.tar
Model loaded successfully!

Processing dataset: /tmp/tmp5iwsm2en.csv
Processed batch 200...
Combining all features...
Generated combined feature matrix with shape: (8924, 1491)
✅ Successfully saved combined features to 'mattervial_noorb_featurized_data/all_features_boltztrap_mp_8924.csv'

--------------------------------------------------------------------------------
🎉 COMPLETED TASK: boltztrap_mp_8924
🕒 Total wall time for this task: 3312.94 seconds
--------------------------------------------------------------------------------


================================================================================
🚀 STARTING TASK: double_perovskites_gap_1306
================================================================================

Loading data from './featurize_with_MM/double_perovskites_gap_1306.csv'...
Parsing structure data from 'structure' column...
Generating chemical formulas from structures...
Data loading and preparation complete.
Featurizing 1306 valid entries...
Computing L_OFM features...
Total params: 644652 (2.46 MB)
Processing 1306 structures with OFMEncoded_v1 model...
Converting 1306 structures to graphs...
Successfully converted 1306/1306 structures.
Predicting on 1306 structures using model.predict_structures...
Computing L_MM features...
Total params: 681702 (2.60 MB)
Processing 1306 structures with MatMinerEncoded_v1 model...
Converting 1306 structures to graphs...
Successfully converted 1306/1306 structures.
Predicting on 1306 structures using model.predict_structures...
Computing MVL features...
Preparing graphs for all 6 MVL models...
Converting 1306 structures to graphs...
Successfully converted 1306/1306 structures.
Processing model: Eform_MP_2019 for all layers...
Predicting on 1306 graphs sequentially...
Features for all layers calculated for model Eform_MP_2019.
Processing model: Efermi_MP_2019 for all layers...
Predicting on 1306 graphs sequentially...
Features for all layers calculated for model Efermi_MP_2019.
Processing model: Bandgap_classifier_MP_2018 for all layers...
Predicting on 1306 graphs sequentially...
Features for all layers calculated for model Bandgap_classifier_MP_2018.
Processing model: Bandgap_MP_2018 for all layers...
Predicting on 1306 graphs sequentially...
Features for all layers calculated for model Bandgap_MP_2018.
Processing model: logK_MP_2019 for all layers...
Predicting on 1306 graphs sequentially...
Features for all layers calculated for model logK_MP_2019.
Processing model: logG_MP_2019 for all layers...
Predicting on 1306 graphs sequentially...
Features for all layers calculated for model logG_MP_2019.
Computing ROOST_MPGAP features...
PyTorch version: 2.2.2+cu121
CUDA available: True
CUDA device count: 1
Current CUDA device: 0
Device name: NVIDIA A100-SXM4-40GB
Using MP_GAP ROOST model from: /gpfs/home/acad/ucl-modl/rgouvea/miniconda3/envs/ML39/lib/python3.9/site-packages/mattervial-0.1.4-py3.9.egg/mattervial/featurizers/custom_models/mpgap_checkpoint-r0.pth.tar
Model loaded successfully!

Processing dataset: /tmp/tmpi9grptgd.csv
Computing ROOST_OQMD features...
PyTorch version: 2.2.2+cu121
CUDA available: True
CUDA device count: 1
Current CUDA device: 0
Device name: NVIDIA A100-SXM4-40GB
Using OQMD_Eform ROOST model from: /gpfs/home/acad/ucl-modl/rgouvea/miniconda3/envs/ML39/lib/python3.9/site-packages/mattervial-0.1.4-py3.9.egg/mattervial/featurizers/custom_models/oqmd_eform_checkpoint-r0.pth.tar
Model loaded successfully!

Processing dataset: /tmp/tmptoxswgqu.csv
Combining all features...
Generated combined feature matrix with shape: (1306, 1491)
✅ Successfully saved combined features to 'mattervial_noorb_featurized_data/all_features_double_perovskites_gap_1306.csv'

--------------------------------------------------------------------------------
🎉 COMPLETED TASK: double_perovskites_gap_1306
🕒 Total wall time for this task: 529.42 seconds
--------------------------------------------------------------------------------

Job finished on Thu Oct 16 01:02:56 CEST 2025

Resources Used

Total Memory used                        - MEM              : 61GiB
Total CPU Time                           - CPU_Time         : 02:18:33
Execution Time                           - Wall_Time        : 02:18:33
total programme cpu time                 - Total_CPU        : 02:16:05
Total_CPU / CPU_Time  (%)                - ETA              : 98%
Number of alloc CPU                      - NCPUS            : 1
Number of Mobilized Resources per Job    - NCPUS_EQUIV_PJOB : 64
Mobilized Resources x Execution Time     - R_Wall_Time      : 6-03:47:12
CPU_Time / R_Wall_Time (%)               - ALPHA            : 1%
Energy (Joules)                                             : unknown

