Job started on Wed Oct 15 21:33:36 CEST 2025
Running on node(s): cna028
<frozen importlib._bootstrap>:228: RuntimeWarning: scipy._lib.messagestream.MessageStream size changed, may indicate binary incompatibility. Expected 56 from C header, got 64 from PyObject
Warning: ORB models not available. Please install orb-models to use ORBFeaturizer.
Initializing mattervial featurizers...
Featurizers initialized.

================================================================================
🚀 STARTING TASK: m2ax_223
================================================================================

Loading data from './featurize_with_MM/m2ax_223.csv'...
Parsing structure data from 'structure' column...
Generating chemical formulas from structures...
Data loading and preparation complete.
Featurizing 223 valid entries...
Computing L_OFM features...
2025-10-15 21:34:19.282077: I tensorflow/core/platform/cpu_feature_guard.cc:182] This TensorFlow binary is optimized to use available CPU instructions in performance-critical operations.
To enable the following instructions: SSE4.1 SSE4.2 AVX AVX2 FMA, in other operations, rebuild TensorFlow with the appropriate compiler flags.
2025-10-15 21:34:55.509374: W tensorflow/core/common_runtime/gpu/gpu_device.cc:1960] Cannot dlopen some GPU libraries. Please make sure the missing libraries mentioned above are installed properly if you would like to use GPU. Follow the guide at https://www.tensorflow.org/install/gpu for how to download and setup the required libraries for your platform.
Skipping registering GPU devices...
Total params: 644652 (2.46 MB)
Processing 223 structures with OFMEncoded_v1 model...
Converting 223 structures to graphs...
Successfully converted 223/223 structures.
Predicting on 223 structures using model.predict_structures...
Computing L_MM features...
Total params: 681702 (2.60 MB)
Processing 223 structures with MatMinerEncoded_v1 model...
Converting 223 structures to graphs...
Successfully converted 223/223 structures.
Predicting on 223 structures using model.predict_structures...
Computing MVL features...
Preparing graphs for all 6 MVL models...
Converting 223 structures to graphs...
Successfully converted 223/223 structures.
Processing model: Eform_MP_2019 for all layers...
Predicting on 223 graphs sequentially...
WARNING:tensorflow:5 out of the last 5 calls to <function Model.make_predict_function.<locals>.predict_function at 0x7f2c8f29dc10> triggered tf.function retracing. Tracing is expensive and the excessive number of tracings could be due to (1) creating @tf.function repeatedly in a loop, (2) passing tensors with different shapes, (3) passing Python objects instead of tensors. For (1), please define your @tf.function outside of the loop. For (2), @tf.function has reduce_retracing=True option that can avoid unnecessary retracing. For (3), please refer to https://www.tensorflow.org/guide/function#controlling_retracing and https://www.tensorflow.org/api_docs/python/tf/function for  more details.
WARNING:tensorflow:6 out of the last 6 calls to <function Model.make_predict_function.<locals>.predict_function at 0x7f2c8f29dc10> triggered tf.function retracing. Tracing is expensive and the excessive number of tracings could be due to (1) creating @tf.function repeatedly in a loop, (2) passing tensors with different shapes, (3) passing Python objects instead of tensors. For (1), please define your @tf.function outside of the loop. For (2), @tf.function has reduce_retracing=True option that can avoid unnecessary retracing. For (3), please refer to https://www.tensorflow.org/guide/function#controlling_retracing and https://www.tensorflow.org/api_docs/python/tf/function for  more details.
Features for all layers calculated for model Eform_MP_2019.
Processing model: Efermi_MP_2019 for all layers...
Predicting on 223 graphs sequentially...
Features for all layers calculated for model Efermi_MP_2019.
Processing model: Bandgap_classifier_MP_2018 for all layers...
Predicting on 223 graphs sequentially...
Features for all layers calculated for model Bandgap_classifier_MP_2018.
Processing model: Bandgap_MP_2018 for all layers...
Predicting on 223 graphs sequentially...
Features for all layers calculated for model Bandgap_MP_2018.
Processing model: logK_MP_2019 for all layers...
Predicting on 223 graphs sequentially...
Features for all layers calculated for model logK_MP_2019.
Processing model: logG_MP_2019 for all layers...
Predicting on 223 graphs sequentially...
Features for all layers calculated for model logG_MP_2019.
Computing ROOST_MPGAP features...
PyTorch version: 2.2.2+cu121
CUDA available: True
CUDA device count: 1
Current CUDA device: 0
Device name: NVIDIA A100-SXM4-40GB
Using MP_GAP ROOST model from: /gpfs/home/acad/ucl-modl/rgouvea/miniconda3/envs/ML39/lib/python3.9/site-packages/mattervial-0.1.4-py3.9.egg/mattervial/featurizers/custom_models/mpgap_checkpoint-r0.pth.tar
Model loaded successfully!

Processing dataset: /tmp/tmpo17yfljj.csv
Computing ROOST_OQMD features...
PyTorch version: 2.2.2+cu121
CUDA available: True
CUDA device count: 1
Current CUDA device: 0
Device name: NVIDIA A100-SXM4-40GB
Using OQMD_Eform ROOST model from: /gpfs/home/acad/ucl-modl/rgouvea/miniconda3/envs/ML39/lib/python3.9/site-packages/mattervial-0.1.4-py3.9.egg/mattervial/featurizers/custom_models/oqmd_eform_checkpoint-r0.pth.tar
Model loaded successfully!

Processing dataset: /tmp/tmpdmmi4epp.csv
Combining all features...
Generated combined feature matrix with shape: (223, 1491)
✅ Successfully saved combined features to 'mattervial_noorb_featurized_data/all_features_m2ax_223.csv'

--------------------------------------------------------------------------------
🎉 COMPLETED TASK: m2ax_223
🕒 Total wall time for this task: 147.50 seconds
--------------------------------------------------------------------------------


================================================================================
🚀 STARTING TASK: tholander_nitrides_12815
================================================================================

Loading data from 'tholander_nitrides_12815.csv'...
Parsing structure data from 'final_structure_json' column...
Generating chemical formulas from structures...
Data loading and preparation complete.
Featurizing 12815 valid entries...
Computing L_OFM features...
Total params: 644652 (2.46 MB)
Processing 12815 structures with OFMEncoded_v1 model...
Converting 12815 structures to graphs...
Successfully converted 12815/12815 structures.
Predicting on 12815 structures using model.predict_structures...
Computing L_MM features...
Total params: 681702 (2.60 MB)
Processing 12815 structures with MatMinerEncoded_v1 model...
Converting 12815 structures to graphs...
Successfully converted 12815/12815 structures.
Predicting on 12815 structures using model.predict_structures...
Computing MVL features...
Preparing graphs for all 6 MVL models...
Converting 12815 structures to graphs...
Successfully converted 12815/12815 structures.
Processing model: Eform_MP_2019 for all layers...
Predicting on 12815 graphs sequentially...
Features for all layers calculated for model Eform_MP_2019.
Processing model: Efermi_MP_2019 for all layers...
Predicting on 12815 graphs sequentially...
Features for all layers calculated for model Efermi_MP_2019.
Processing model: Bandgap_classifier_MP_2018 for all layers...
Predicting on 12815 graphs sequentially...
slurmstepd: error: *** JOB 10803473 ON cna028 CANCELLED AT 2025-10-15T22:33:53 DUE TO TIME LIMIT ***

Resources Used

Total Memory used                        - MEM              : 37GiB
Total CPU Time                           - CPU_Time         : 01:00:17
Execution Time                           - Wall_Time        : 01:00:17
total programme cpu time                 - Total_CPU        : 58:39.559
Total_CPU / CPU_Time  (%)                - ETA              : 97%
Number of alloc CPU                      - NCPUS            : 1
Number of Mobilized Resources per Job    - NCPUS_EQUIV_PJOB : 64
Mobilized Resources x Execution Time     - R_Wall_Time      : 2-16:18:08
CPU_Time / R_Wall_Time (%)               - ALPHA            : 1%
Energy (Joules)                                             : unknown

