Job started on Thu Oct 16 15:35:40 CEST 2025
Running on node(s): cna036
<frozen importlib._bootstrap>:228: RuntimeWarning: scipy._lib.messagestream.MessageStream size changed, may indicate binary incompatibility. Expected 56 from C header, got 64 from PyObject
Warning: ORB models not available. Please install orb-models to use ORBFeaturizer.
Initializing mattervial featurizers...
Featurizers initialized.

================================================================================
🚀 STARTING TASK: double_perovskites_gap_1306_optimized
================================================================================

Loading data from './featurize_with_MM/double_perovskites_gap_1306_optimized.csv'...
Parsing structure data from 'structure' column...
Generating chemical formulas from structures...
Data loading and preparation complete.
Featurizing 1306 valid entries...
Computing L_OFM features...
2025-10-16 15:36:18.224251: I tensorflow/core/platform/cpu_feature_guard.cc:182] This TensorFlow binary is optimized to use available CPU instructions in performance-critical operations.
To enable the following instructions: SSE4.1 SSE4.2 AVX AVX2 FMA, in other operations, rebuild TensorFlow with the appropriate compiler flags.
2025-10-16 15:36:49.476695: W tensorflow/core/common_runtime/gpu/gpu_device.cc:1960] Cannot dlopen some GPU libraries. Please make sure the missing libraries mentioned above are installed properly if you would like to use GPU. Follow the guide at https://www.tensorflow.org/install/gpu for how to download and setup the required libraries for your platform.
Skipping registering GPU devices...
Total params: 644652 (2.46 MB)
Processing 1306 structures with OFMEncoded_v1 model...
Converting 1306 structures to graphs...
Successfully converted 1306/1306 structures.
Predicting on 1306 structures using model.predict_structures...
Computing L_MM features...
Total params: 681702 (2.60 MB)
Processing 1306 structures with MatMinerEncoded_v1 model...
Converting 1306 structures to graphs...
Successfully converted 1306/1306 structures.
Predicting on 1306 structures using model.predict_structures...
Computing MVL features...
Preparing graphs for all 6 MVL models...
Converting 1306 structures to graphs...
Successfully converted 1306/1306 structures.
Processing model: Eform_MP_2019 for all layers...
Predicting on 1306 graphs sequentially...
Features for all layers calculated for model Eform_MP_2019.
Processing model: Efermi_MP_2019 for all layers...
Predicting on 1306 graphs sequentially...
Features for all layers calculated for model Efermi_MP_2019.
Processing model: Bandgap_classifier_MP_2018 for all layers...
Predicting on 1306 graphs sequentially...
Features for all layers calculated for model Bandgap_classifier_MP_2018.
Processing model: Bandgap_MP_2018 for all layers...
Predicting on 1306 graphs sequentially...
Features for all layers calculated for model Bandgap_MP_2018.
Processing model: logK_MP_2019 for all layers...
Predicting on 1306 graphs sequentially...
Features for all layers calculated for model logK_MP_2019.
Processing model: logG_MP_2019 for all layers...
Predicting on 1306 graphs sequentially...
Features for all layers calculated for model logG_MP_2019.
Computing ROOST_MPGAP features...
PyTorch version: 2.2.2+cu121
CUDA available: True
CUDA device count: 1
Current CUDA device: 0
Device name: NVIDIA A100-SXM4-40GB
Using MP_GAP ROOST model from: /gpfs/home/acad/ucl-modl/rgouvea/miniconda3/envs/ML39/lib/python3.9/site-packages/mattervial-0.1.4-py3.9.egg/mattervial/featurizers/custom_models/mpgap_checkpoint-r0.pth.tar
Model loaded successfully!

Processing dataset: /tmp/tmphrn_phls.csv
Computing ROOST_OQMD features...
PyTorch version: 2.2.2+cu121
CUDA available: True
CUDA device count: 1
Current CUDA device: 0
Device name: NVIDIA A100-SXM4-40GB
Using OQMD_Eform ROOST model from: /gpfs/home/acad/ucl-modl/rgouvea/miniconda3/envs/ML39/lib/python3.9/site-packages/mattervial-0.1.4-py3.9.egg/mattervial/featurizers/custom_models/oqmd_eform_checkpoint-r0.pth.tar
Model loaded successfully!

Processing dataset: /tmp/tmpzqv9cdu5.csv
Combining all features...
Generated combined feature matrix with shape: (1306, 1491)
✅ Successfully saved combined features to 'mattervial_noorb_featurized_data/all_features_double_perovskites_gap_1306_optimized.csv'

--------------------------------------------------------------------------------
🎉 COMPLETED TASK: double_perovskites_gap_1306_optimized
🕒 Total wall time for this task: 566.11 seconds
--------------------------------------------------------------------------------

Job finished on Thu Oct 16 15:45:46 CEST 2025

Resources Used

Total Memory used                        - MEM              : 5.6GiB
Total CPU Time                           - CPU_Time         : 00:10:07
Execution Time                           - Wall_Time        : 00:10:07
total programme cpu time                 - Total_CPU        : 08:51.738
Total_CPU / CPU_Time  (%)                - ETA              : 87%
Number of alloc CPU                      - NCPUS            : 1
Number of Mobilized Resources per Job    - NCPUS_EQUIV_PJOB : 64
Mobilized Resources x Execution Time     - R_Wall_Time      : 10:47:28
CPU_Time / R_Wall_Time (%)               - ALPHA            : 1%
Energy (Joules)                                             : unknown

