Job started on Fri Oct 24 18:00:01 CEST 2025
Running on node(s): cns264
========================================================
SLURM Task ID: 1
--------------------------------------------------------
  > Data path:       jarvis_dft_3d_mattervial_features.csv
  > Suffix:          jarvis_dft_3d
  > Selected features: roost_all megnet_all mvl_all orb_v3
  > Target Property: formation_energy_peratom
========================================================
=== Action: MODNET_TRAIN ===
2025-10-24 18:00:19.464268: I tensorflow/stream_executor/platform/default/dso_loader.cc:49] Successfully opened dynamic library libcudart.so.11.0
2025-10-24 18:00:25.527186: I tensorflow/compiler/jit/xla_cpu_device.cc:41] Not creating XLA devices, tf_xla_enable_xla_devices not set
2025-10-24 18:00:25.527849: W tensorflow/stream_executor/platform/default/dso_loader.cc:60] Could not load dynamic library 'libcuda.so.1'; dlerror: libcuda.so.1: cannot open shared object file: No such file or directory; LD_LIBRARY_PATH: /gpfs/softs/easybuild/software/cuDNN/8.4.1.50-CUDA-11.7.0/lib:/gpfs/softs/easybuild/software/CUDA/11.7.0/nvvm/lib64:/gpfs/softs/easybuild/software/CUDA/11.7.0/extras/CUPTI/lib64:/gpfs/softs/easybuild/software/CUDA/11.7.0/lib
2025-10-24 18:00:25.527920: W tensorflow/stream_executor/cuda/cuda_driver.cc:326] failed call to cuInit: UNKNOWN ERROR (303)
2025-10-24 18:00:25.527994: I tensorflow/stream_executor/cuda/cuda_diagnostics.cc:156] kernel driver does not appear to be running on this host (cns264.lucia.cenaero.be): /proc/driver/nvidia/version does not exist
Loading full CSV from jarvis_dft_3d_mattervial_features.csv ...
sys:1: DtypeWarning: Columns (3292,3305,3310,3343) have mixed types.Specify dtype option on import or set low_memory=False.
Using job prefix: jarvis_dft_3d_formation_energy_peratom_roost_all_megnet_all_mvl_all_orb_v3

Selecting features for sets: ['roost_all', 'megnet_all', 'mvl_all', 'orb_v3']
 - Matching columns for 'roost_all' using pattern: ^ROOST_
   Found 256 columns for 'roost_all'.
 - Matching columns for 'megnet_all' using pattern: ^MEGNet_
   Found 946 columns for 'megnet_all'.
 - Matching columns for 'mvl_all' using pattern: ^MVL(16|32)_
   Found 288 columns for 'mvl_all'.
 - Matching columns for 'orb_v3' using pattern: ^ORB_v3_
   Found 1792 columns for 'orb_v3'.

Total features selected: 3282
Determined task type for splitting: Regression
Creating initial MODData object...
2025-10-24 18:01:04,970 - modnet - INFO - Loaded DeBreuck2020Featurizer featurizer.
Initial MODData created with 3282 features.

Processing 5 folds...
Fold 0: Loading pre-processed train and test MODData from disk (jarvis_dft_3d_formation_energy_peratom_roost_all_megnet_all_mvl_all_orb_v3_f0)...
2025-10-24 18:01:05,292 - modnet - INFO - Loaded <modnet.preprocessing.MODData object at 0x7f50b368dfd0> object, created with modnet version 0.1.13
2025-10-24 18:01:05,356 - modnet - INFO - Loaded <modnet.preprocessing.MODData object at 0x7f50b368d0d0> object, created with modnet version 0.1.13
  Loaded train data with 800 features.
  Loaded test data with 800 features.
Fold 0: Processing complete.
Fold 1: Loading pre-processed train and test MODData from disk (jarvis_dft_3d_formation_energy_peratom_roost_all_megnet_all_mvl_all_orb_v3_f1)...
2025-10-24 18:01:05,525 - modnet - INFO - Loaded <modnet.preprocessing.MODData object at 0x7f50b1b520a0> object, created with modnet version 0.1.13
2025-10-24 18:01:05,584 - modnet - INFO - Loaded <modnet.preprocessing.MODData object at 0x7f50b189bd90> object, created with modnet version 0.1.13
  Loaded train data with 800 features.
  Loaded test data with 800 features.
Fold 1: Processing complete.
Fold 2: Loading pre-processed train and test MODData from disk (jarvis_dft_3d_formation_energy_peratom_roost_all_megnet_all_mvl_all_orb_v3_f2)...
2025-10-24 18:01:05,757 - modnet - INFO - Loaded <modnet.preprocessing.MODData object at 0x7f50b1b52820> object, created with modnet version 0.1.13
2025-10-24 18:01:05,819 - modnet - INFO - Loaded <modnet.preprocessing.MODData object at 0x7f50b035fd60> object, created with modnet version 0.1.13
  Loaded train data with 800 features.
  Loaded test data with 800 features.
Fold 2: Processing complete.
Fold 3: Loading pre-processed train and test MODData from disk (jarvis_dft_3d_formation_energy_peratom_roost_all_megnet_all_mvl_all_orb_v3_f3)...
2025-10-24 18:01:05,989 - modnet - INFO - Loaded <modnet.preprocessing.MODData object at 0x7f50b7c024c0> object, created with modnet version 0.1.13
2025-10-24 18:01:06,050 - modnet - INFO - Loaded <modnet.preprocessing.MODData object at 0x7f50af9cb9d0> object, created with modnet version 0.1.13
  Loaded train data with 800 features.
  Loaded test data with 800 features.
Fold 3: Processing complete.
Fold 4: Loading pre-processed train and test MODData from disk (jarvis_dft_3d_formation_energy_peratom_roost_all_megnet_all_mvl_all_orb_v3_f4)...
2025-10-24 18:01:06,220 - modnet - INFO - Loaded <modnet.preprocessing.MODData object at 0x7f50b55ff370> object, created with modnet version 0.1.13
2025-10-24 18:01:06,309 - modnet - INFO - Loaded <modnet.preprocessing.MODData object at 0x7f50af274a00> object, created with modnet version 0.1.13
  Loaded train data with 800 features.
  Loaded test data with 800 features.
Fold 4: Processing complete.

Starting model training across 5 folds using 'ga' strategy...

--- Processing Fold 0 ---
  Train data shape: (60794, 800), Test data shape: (15199, 800)
Fold 0: Loading pre-trained model from out/MODNet_jarvis_dft_3d_formation_energy_peratom_roost_all_megnet_all_mvl_all_orb_v3_f0_ga.pkl
2025-10-24 18:01:06.329701: I tensorflow/compiler/jit/xla_gpu_device.cc:99] Not creating XLA devices, tf_xla_enable_xla_devices not set
2025-10-24 18:01:06,432 - modnet - INFO - Loaded <modnet.models.ensemble.EnsembleMODNetModel object at 0x7f50b368dfa0> object, created with modnet version 0.1.13
  Loaded model expected n_feat: N/A
Fold 0: Evaluating model...
2025-10-24 18:01:07.491947: I tensorflow/compiler/mlir/mlir_graph_optimization_pass.cc:116] None of the MLIR optimization passes are enabled (registered 2)
2025-10-24 18:01:07.504458: I tensorflow/core/platform/profile_utils/cpu_utils.cc:112] CPU Frequency: 2445505000 Hz
Fold 0 - Train MAE: 0.0189, RMSE: 0.0544, R2: 0.9975, Uncertainty: 0.0140
Fold 0 - Test MAE: 0.0214, RMSE: 0.0569, R2: 0.9971, Uncertainty: 0.0148

--- Processing Fold 1 ---
  Train data shape: (60794, 800), Test data shape: (15199, 800)
Fold 1: Loading pre-trained model from out/MODNet_jarvis_dft_3d_formation_energy_peratom_roost_all_megnet_all_mvl_all_orb_v3_f1_ga.pkl
2025-10-24 18:01:15,213 - modnet - INFO - Loaded <modnet.models.ensemble.EnsembleMODNetModel object at 0x7f50b368dfa0> object, created with modnet version 0.1.13
  Loaded model expected n_feat: N/A
Fold 1: Evaluating model...
Fold 1 - Train MAE: 0.0141, RMSE: 0.0457, R2: 0.9982, Uncertainty: 0.0159
Fold 1 - Test MAE: 0.0196, RMSE: 0.0598, R2: 0.9970, Uncertainty: 0.0170

--- Processing Fold 2 ---
  Train data shape: (60794, 800), Test data shape: (15199, 800)
Fold 2: Loading pre-trained model from out/MODNet_jarvis_dft_3d_formation_energy_peratom_roost_all_megnet_all_mvl_all_orb_v3_f2_ga.pkl
2025-10-24 18:01:25,737 - modnet - INFO - Loaded <modnet.models.ensemble.EnsembleMODNetModel object at 0x7f50b61a6ee0> object, created with modnet version 0.1.13
  Loaded model expected n_feat: N/A
Fold 2: Evaluating model...
Fold 2 - Train MAE: 0.0124, RMSE: 0.0324, R2: 0.9991, Uncertainty: 0.0128
Fold 2 - Test MAE: 0.0186, RMSE: 0.0679, R2: 0.9961, Uncertainty: 0.0143

--- Processing Fold 3 ---
  Train data shape: (60795, 800), Test data shape: (15198, 800)
Fold 3: Loading pre-trained model from out/MODNet_jarvis_dft_3d_formation_energy_peratom_roost_all_megnet_all_mvl_all_orb_v3_f3_ga.pkl
2025-10-24 18:01:36,592 - modnet - INFO - Loaded <modnet.models.ensemble.EnsembleMODNetModel object at 0x7f50b63db460> object, created with modnet version 0.1.13
  Loaded model expected n_feat: N/A
Fold 3: Evaluating model...
Fold 3 - Train MAE: 0.0132, RMSE: 0.0406, R2: 0.9986, Uncertainty: 0.0130
Fold 3 - Test MAE: 0.0192, RMSE: 0.0474, R2: 0.9981, Uncertainty: 0.0146

--- Processing Fold 4 ---
  Train data shape: (60795, 800), Test data shape: (15198, 800)
Fold 4: Loading pre-trained model from out/MODNet_jarvis_dft_3d_formation_energy_peratom_roost_all_megnet_all_mvl_all_orb_v3_f4_ga.pkl
2025-10-24 18:01:45,465 - modnet - INFO - Loaded <modnet.models.ensemble.EnsembleMODNetModel object at 0x7f50b61a6f10> object, created with modnet version 0.1.13
  Loaded model expected n_feat: N/A
Fold 4: Evaluating model...
Fold 4 - Train MAE: 0.0129, RMSE: 0.0466, R2: 0.9981, Uncertainty: 0.0117
Fold 4 - Test MAE: 0.0185, RMSE: 0.0420, R2: 0.9985, Uncertainty: 0.0129

--- Aggregating Results ---
Average Metrics across 5/5 successful folds:
  Train - MAE: 0.0143, RMSE: 0.0439, R2: 0.9983
  Train - Uncertainty: 0.0135
  Test  - MAE: 0.0195, RMSE: 0.0548, R2: 0.9974
  Test  - Uncertainty: 0.0147
Could not save detailed predictions: "['formation_energy_peratom'] not in index"

MODNet training run 'jarvis_dft_3d_formation_energy_peratom_roost_all_megnet_all_mvl_all_orb_v3' finished.
Results summary saved to: results_jarvis_dft_3d_formation_energy_peratom_roost_all_megnet_all_mvl_all_orb_v3.txt
Fold models saved in: out
=== Finished MODNET_TRAIN ===
Job finished on Fri Oct 24 18:01:57 CEST 2025

Resources Used

Total Memory used                        - MEM              : 3.3GiB
Total CPU Time                           - CPU_Time         : 02:03:44
Execution Time                           - Wall_Time        : 00:01:56
total programme cpu time                 - Total_CPU        : 01:36.553
Total_CPU / CPU_Time  (%)                - ETA              : 1%
Number of alloc CPU                      - NCPUS            : 64
Number of Mobilized Resources per Job    - NCPUS_EQUIV_PJOB : 64
Mobilized Resources x Execution Time     - R_Wall_Time      : 02:03:44
CPU_Time / R_Wall_Time (%)               - ALPHA            : 100%
Energy (Joules)                                             : unknown

