Job started on Fri Oct 24 18:02:02 CEST 2025
Running on node(s): cns264
========================================================
SLURM Task ID: 4
--------------------------------------------------------
  > Data path:       jarvis_dft_3d_mattervial_features.csv
  > Suffix:          jarvis_dft_3d
  > Selected features: roost_all megnet_all mvl_all orb_v3
  > Target Property: ehull
========================================================
=== Action: MODNET_TRAIN ===
2025-10-24 18:02:04.411492: I tensorflow/stream_executor/platform/default/dso_loader.cc:49] Successfully opened dynamic library libcudart.so.11.0
2025-10-24 18:02:05.648851: I tensorflow/compiler/jit/xla_cpu_device.cc:41] Not creating XLA devices, tf_xla_enable_xla_devices not set
2025-10-24 18:02:05.649157: W tensorflow/stream_executor/platform/default/dso_loader.cc:60] Could not load dynamic library 'libcuda.so.1'; dlerror: libcuda.so.1: cannot open shared object file: No such file or directory; LD_LIBRARY_PATH: /gpfs/softs/easybuild/software/cuDNN/8.4.1.50-CUDA-11.7.0/lib:/gpfs/softs/easybuild/software/CUDA/11.7.0/nvvm/lib64:/gpfs/softs/easybuild/software/CUDA/11.7.0/extras/CUPTI/lib64:/gpfs/softs/easybuild/software/CUDA/11.7.0/lib
2025-10-24 18:02:05.649183: W tensorflow/stream_executor/cuda/cuda_driver.cc:326] failed call to cuInit: UNKNOWN ERROR (303)
2025-10-24 18:02:05.649216: I tensorflow/stream_executor/cuda/cuda_diagnostics.cc:156] kernel driver does not appear to be running on this host (cns264.lucia.cenaero.be): /proc/driver/nvidia/version does not exist
Loading full CSV from jarvis_dft_3d_mattervial_features.csv ...
sys:1: DtypeWarning: Columns (3292,3305,3310,3343) have mixed types.Specify dtype option on import or set low_memory=False.
Using job prefix: jarvis_dft_3d_ehull_roost_all_megnet_all_mvl_all_orb_v3

Selecting features for sets: ['roost_all', 'megnet_all', 'mvl_all', 'orb_v3']
 - Matching columns for 'roost_all' using pattern: ^ROOST_
   Found 256 columns for 'roost_all'.
 - Matching columns for 'megnet_all' using pattern: ^MEGNet_
   Found 946 columns for 'megnet_all'.
 - Matching columns for 'mvl_all' using pattern: ^MVL(16|32)_
   Found 288 columns for 'mvl_all'.
 - Matching columns for 'orb_v3' using pattern: ^ORB_v3_
   Found 1792 columns for 'orb_v3'.

Total features selected: 3282
Determined task type for splitting: Regression
Creating initial MODData object...
2025-10-24 18:02:45,576 - modnet - INFO - Loaded DeBreuck2020Featurizer featurizer.
Initial MODData created with 3282 features.

Processing 5 folds...
Fold 0: Loading pre-processed train and test MODData from disk (jarvis_dft_3d_ehull_roost_all_megnet_all_mvl_all_orb_v3_f0)...
2025-10-24 18:02:45,874 - modnet - INFO - Loaded <modnet.preprocessing.MODData object at 0x7fd7de08ddc0> object, created with modnet version 0.1.13
2025-10-24 18:02:45,941 - modnet - INFO - Loaded <modnet.preprocessing.MODData object at 0x7fd7de08de20> object, created with modnet version 0.1.13
  Loaded train data with 800 features.
  Loaded test data with 800 features.
Fold 0: Processing complete.
Fold 1: Loading pre-processed train and test MODData from disk (jarvis_dft_3d_ehull_roost_all_megnet_all_mvl_all_orb_v3_f1)...
2025-10-24 18:02:46,116 - modnet - INFO - Loaded <modnet.preprocessing.MODData object at 0x7fd7de08de50> object, created with modnet version 0.1.13
2025-10-24 18:02:46,177 - modnet - INFO - Loaded <modnet.preprocessing.MODData object at 0x7fd7e3a0ab50> object, created with modnet version 0.1.13
  Loaded train data with 800 features.
  Loaded test data with 800 features.
Fold 1: Processing complete.
Fold 2: Loading pre-processed train and test MODData from disk (jarvis_dft_3d_ehull_roost_all_megnet_all_mvl_all_orb_v3_f2)...
2025-10-24 18:02:46,350 - modnet - INFO - Loaded <modnet.preprocessing.MODData object at 0x7fd7e2e618e0> object, created with modnet version 0.1.13
2025-10-24 18:02:46,412 - modnet - INFO - Loaded <modnet.preprocessing.MODData object at 0x7fd7e458ab20> object, created with modnet version 0.1.13
  Loaded train data with 800 features.
  Loaded test data with 800 features.
Fold 2: Processing complete.
Fold 3: Loading pre-processed train and test MODData from disk (jarvis_dft_3d_ehull_roost_all_megnet_all_mvl_all_orb_v3_f3)...
2025-10-24 18:02:46,583 - modnet - INFO - Loaded <modnet.preprocessing.MODData object at 0x7fd7e2624460> object, created with modnet version 0.1.13
2025-10-24 18:02:46,644 - modnet - INFO - Loaded <modnet.preprocessing.MODData object at 0x7fd7dbe60cd0> object, created with modnet version 0.1.13
  Loaded train data with 800 features.
  Loaded test data with 800 features.
Fold 3: Processing complete.
Fold 4: Loading pre-processed train and test MODData from disk (jarvis_dft_3d_ehull_roost_all_megnet_all_mvl_all_orb_v3_f4)...
2025-10-24 18:02:46,823 - modnet - INFO - Loaded <modnet.preprocessing.MODData object at 0x7fd7df7d3640> object, created with modnet version 0.1.13
2025-10-24 18:02:46,883 - modnet - INFO - Loaded <modnet.preprocessing.MODData object at 0x7fd7e1fbbb80> object, created with modnet version 0.1.13
  Loaded train data with 800 features.
  Loaded test data with 800 features.
Fold 4: Processing complete.

Starting model training across 5 folds using 'ga' strategy...

--- Processing Fold 0 ---
  Train data shape: (60794, 800), Test data shape: (15199, 800)
Fold 0: Loading pre-trained model from out/MODNet_jarvis_dft_3d_ehull_roost_all_megnet_all_mvl_all_orb_v3_f0_ga.pkl
2025-10-24 18:02:46.898530: I tensorflow/compiler/jit/xla_gpu_device.cc:99] Not creating XLA devices, tf_xla_enable_xla_devices not set
2025-10-24 18:02:47,000 - modnet - INFO - Loaded <modnet.models.ensemble.EnsembleMODNetModel object at 0x7fd7de3b3e50> object, created with modnet version 0.1.13
  Loaded model expected n_feat: N/A
Fold 0: Evaluating model...
2025-10-24 18:02:48.026562: I tensorflow/compiler/mlir/mlir_graph_optimization_pass.cc:116] None of the MLIR optimization passes are enabled (registered 2)
2025-10-24 18:02:48.038444: I tensorflow/core/platform/profile_utils/cpu_utils.cc:112] CPU Frequency: 2445505000 Hz
Fold 0 - Train MAE: 0.0164, RMSE: 0.0541, R2: 0.9846, Uncertainty: 0.0151
Fold 0 - Test MAE: 0.0265, RMSE: 0.0608, R2: 0.9791, Uncertainty: 0.0185

--- Processing Fold 1 ---
  Train data shape: (60794, 800), Test data shape: (15199, 800)
Fold 1: Loading pre-trained model from out/MODNet_jarvis_dft_3d_ehull_roost_all_megnet_all_mvl_all_orb_v3_f1_ga.pkl
2025-10-24 18:02:57,285 - modnet - INFO - Loaded <modnet.models.ensemble.EnsembleMODNetModel object at 0x7fd7de3b3e50> object, created with modnet version 0.1.13
  Loaded model expected n_feat: N/A
Fold 1: Evaluating model...
Fold 1 - Train MAE: 0.0182, RMSE: 0.0528, R2: 0.9851, Uncertainty: 0.0181
Fold 1 - Test MAE: 0.0286, RMSE: 0.0731, R2: 0.9719, Uncertainty: 0.0203

--- Processing Fold 2 ---
  Train data shape: (60794, 800), Test data shape: (15199, 800)
Fold 2: Loading pre-trained model from out/MODNet_jarvis_dft_3d_ehull_roost_all_megnet_all_mvl_all_orb_v3_f2_ga.pkl
2025-10-24 18:03:08,472 - modnet - INFO - Loaded <modnet.models.ensemble.EnsembleMODNetModel object at 0x7fd7dca401f0> object, created with modnet version 0.1.13
  Loaded model expected n_feat: N/A
Fold 2: Evaluating model...
Fold 2 - Train MAE: 0.0237, RMSE: 0.0514, R2: 0.9857, Uncertainty: 0.0204
Fold 2 - Test MAE: 0.0306, RMSE: 0.0782, R2: 0.9692, Uncertainty: 0.0224

--- Processing Fold 3 ---
  Train data shape: (60795, 800), Test data shape: (15198, 800)
Fold 3: Loading pre-trained model from out/MODNet_jarvis_dft_3d_ehull_roost_all_megnet_all_mvl_all_orb_v3_f3_ga.pkl
2025-10-24 18:03:18,123 - modnet - INFO - Loaded <modnet.models.ensemble.EnsembleMODNetModel object at 0x7fd7dca40220> object, created with modnet version 0.1.13
  Loaded model expected n_feat: N/A
Fold 3: Evaluating model...
Fold 3 - Train MAE: 0.0282, RMSE: 0.0562, R2: 0.9831, Uncertainty: 0.0285
Fold 3 - Test MAE: 0.0352, RMSE: 0.0690, R2: 0.9748, Uncertainty: 0.0307

--- Processing Fold 4 ---
  Train data shape: (60795, 800), Test data shape: (15198, 800)
Fold 4: Loading pre-trained model from out/MODNet_jarvis_dft_3d_ehull_roost_all_megnet_all_mvl_all_orb_v3_f4_ga.pkl
2025-10-24 18:03:25,532 - modnet - INFO - Loaded <modnet.models.ensemble.EnsembleMODNetModel object at 0x7fd7dc0a5490> object, created with modnet version 0.1.13
  Loaded model expected n_feat: N/A
Fold 4: Evaluating model...
Fold 4 - Train MAE: 0.0159, RMSE: 0.0521, R2: 0.9856, Uncertainty: 0.0146
Fold 4 - Test MAE: 0.0274, RMSE: 0.0584, R2: 0.9814, Uncertainty: 0.0184

--- Aggregating Results ---
Average Metrics across 5/5 successful folds:
  Train - MAE: 0.0205, RMSE: 0.0533, R2: 0.9848
  Train - Uncertainty: 0.0193
  Test  - MAE: 0.0297, RMSE: 0.0679, R2: 0.9753
  Test  - Uncertainty: 0.0221
Could not save detailed predictions: "['ehull'] not in index"

MODNet training run 'jarvis_dft_3d_ehull_roost_all_megnet_all_mvl_all_orb_v3' finished.
Results summary saved to: results_jarvis_dft_3d_ehull_roost_all_megnet_all_mvl_all_orb_v3.txt
Fold models saved in: out
=== Finished MODNET_TRAIN ===
Job finished on Fri Oct 24 18:03:36 CEST 2025

Resources Used

Total Memory used                        - MEM              : 11GiB
Total CPU Time                           - CPU_Time         : 01:41:20
Execution Time                           - Wall_Time        : 00:01:35
total programme cpu time                 - Total_CPU        : 01:35.119
Total_CPU / CPU_Time  (%)                - ETA              : 1%
Number of alloc CPU                      - NCPUS            : 64
Number of Mobilized Resources per Job    - NCPUS_EQUIV_PJOB : 64
Mobilized Resources x Execution Time     - R_Wall_Time      : 01:41:20
CPU_Time / R_Wall_Time (%)               - ALPHA            : 100%
Energy (Joules)                                             : unknown

