Job started on Fri Oct 24 18:02:13 CEST 2025
Running on node(s): cns270
========================================================
SLURM Task ID: 6
--------------------------------------------------------
  > Data path:       jarvis_dft_3d_mattervial_features.csv
  > Suffix:          jarvis_dft_3d
  > Selected features: roost_all megnet_all mvl_all orb_v3
  > Target Property: bulk_modulus_kv
========================================================
=== Action: MODNET_TRAIN ===
2025-10-24 18:02:16.236007: I tensorflow/stream_executor/platform/default/dso_loader.cc:49] Successfully opened dynamic library libcudart.so.11.0
2025-10-24 18:02:17.518361: I tensorflow/compiler/jit/xla_cpu_device.cc:41] Not creating XLA devices, tf_xla_enable_xla_devices not set
2025-10-24 18:02:17.518677: W tensorflow/stream_executor/platform/default/dso_loader.cc:60] Could not load dynamic library 'libcuda.so.1'; dlerror: libcuda.so.1: cannot open shared object file: No such file or directory; LD_LIBRARY_PATH: /gpfs/softs/easybuild/software/cuDNN/8.4.1.50-CUDA-11.7.0/lib:/gpfs/softs/easybuild/software/CUDA/11.7.0/nvvm/lib64:/gpfs/softs/easybuild/software/CUDA/11.7.0/extras/CUPTI/lib64:/gpfs/softs/easybuild/software/CUDA/11.7.0/lib
2025-10-24 18:02:17.518704: W tensorflow/stream_executor/cuda/cuda_driver.cc:326] failed call to cuInit: UNKNOWN ERROR (303)
2025-10-24 18:02:17.518739: I tensorflow/stream_executor/cuda/cuda_diagnostics.cc:156] kernel driver does not appear to be running on this host (cns270.lucia.cenaero.be): /proc/driver/nvidia/version does not exist
Loading full CSV from jarvis_dft_3d_mattervial_features.csv ...
sys:1: DtypeWarning: Columns (3292,3305,3310,3343) have mixed types.Specify dtype option on import or set low_memory=False.
Using job prefix: jarvis_dft_3d_bulk_modulus_kv_roost_all_megnet_all_mvl_all_orb_v3
Dropped 52169 rows with NaN values in the target column ('bulk_modulus_kv').

Selecting features for sets: ['roost_all', 'megnet_all', 'mvl_all', 'orb_v3']
 - Matching columns for 'roost_all' using pattern: ^ROOST_
   Found 256 columns for 'roost_all'.
 - Matching columns for 'megnet_all' using pattern: ^MEGNet_
   Found 946 columns for 'megnet_all'.
 - Matching columns for 'mvl_all' using pattern: ^MVL(16|32)_
   Found 288 columns for 'mvl_all'.
 - Matching columns for 'orb_v3' using pattern: ^ORB_v3_
   Found 1792 columns for 'orb_v3'.

Total features selected: 3282
Determined task type for splitting: Regression
Creating initial MODData object...
2025-10-24 18:02:57,253 - modnet - INFO - Loaded DeBreuck2020Featurizer featurizer.
Initial MODData created with 3282 features.

Processing 5 folds...
Fold 0: Loading pre-processed train and test MODData from disk (jarvis_dft_3d_bulk_modulus_kv_roost_all_megnet_all_mvl_all_orb_v3_f0)...
2025-10-24 18:02:57,435 - modnet - INFO - Loaded <modnet.preprocessing.MODData object at 0x7f8722d6d910> object, created with modnet version 0.1.13
2025-10-24 18:02:57,472 - modnet - INFO - Loaded <modnet.preprocessing.MODData object at 0x7f8722c34640> object, created with modnet version 0.1.13
  Loaded train data with 800 features.
  Loaded test data with 800 features.
Fold 0: Processing complete.
Fold 1: Loading pre-processed train and test MODData from disk (jarvis_dft_3d_bulk_modulus_kv_roost_all_megnet_all_mvl_all_orb_v3_f1)...
2025-10-24 18:02:57,550 - modnet - INFO - Loaded <modnet.preprocessing.MODData object at 0x7f8722c34790> object, created with modnet version 0.1.13
2025-10-24 18:02:57,591 - modnet - INFO - Loaded <modnet.preprocessing.MODData object at 0x7f8722d6dbe0> object, created with modnet version 0.1.13
  Loaded train data with 800 features.
  Loaded test data with 800 features.
Fold 1: Processing complete.
Fold 2: Loading pre-processed train and test MODData from disk (jarvis_dft_3d_bulk_modulus_kv_roost_all_megnet_all_mvl_all_orb_v3_f2)...
2025-10-24 18:02:57,716 - modnet - INFO - Loaded <modnet.preprocessing.MODData object at 0x7f87266cb6a0> object, created with modnet version 0.1.13
2025-10-24 18:02:57,752 - modnet - INFO - Loaded <modnet.preprocessing.MODData object at 0x7f8724952670> object, created with modnet version 0.1.13
  Loaded train data with 800 features.
  Loaded test data with 800 features.
Fold 2: Processing complete.
Fold 3: Loading pre-processed train and test MODData from disk (jarvis_dft_3d_bulk_modulus_kv_roost_all_megnet_all_mvl_all_orb_v3_f3)...
2025-10-24 18:02:57,833 - modnet - INFO - Loaded <modnet.preprocessing.MODData object at 0x7f872091b820> object, created with modnet version 0.1.13
2025-10-24 18:02:57,864 - modnet - INFO - Loaded <modnet.preprocessing.MODData object at 0x7f87219fc310> object, created with modnet version 0.1.13
  Loaded train data with 800 features.
  Loaded test data with 800 features.
Fold 3: Processing complete.
Fold 4: Loading pre-processed train and test MODData from disk (jarvis_dft_3d_bulk_modulus_kv_roost_all_megnet_all_mvl_all_orb_v3_f4)...
2025-10-24 18:02:57,945 - modnet - INFO - Loaded <modnet.preprocessing.MODData object at 0x7f871dd5b820> object, created with modnet version 0.1.13
2025-10-24 18:02:57,976 - modnet - INFO - Loaded <modnet.preprocessing.MODData object at 0x7f87235910d0> object, created with modnet version 0.1.13
  Loaded train data with 800 features.
  Loaded test data with 800 features.
Fold 4: Processing complete.

Starting model training across 5 folds using 'ga' strategy...

--- Processing Fold 0 ---
  Train data shape: (19059, 800), Test data shape: (4765, 800)
Fold 0: Loading pre-trained model from out/MODNet_jarvis_dft_3d_bulk_modulus_kv_roost_all_megnet_all_mvl_all_orb_v3_f0_ga.pkl
2025-10-24 18:02:57.995296: I tensorflow/compiler/jit/xla_gpu_device.cc:99] Not creating XLA devices, tf_xla_enable_xla_devices not set
2025-10-24 18:02:58,106 - modnet - INFO - Loaded <modnet.models.ensemble.EnsembleMODNetModel object at 0x7f8722c34880> object, created with modnet version 0.1.13
  Loaded model expected n_feat: N/A
Fold 0: Evaluating model...
2025-10-24 18:02:58.401811: I tensorflow/compiler/mlir/mlir_graph_optimization_pass.cc:116] None of the MLIR optimization passes are enabled (registered 2)
2025-10-24 18:02:58.414178: I tensorflow/core/platform/profile_utils/cpu_utils.cc:112] CPU Frequency: 2445535000 Hz
Fold 0 - Train MAE: 3.6524, RMSE: 14.3077, R2: 0.9528, Uncertainty: 1.9246
Fold 0 - Test MAE: 9.0526, RMSE: 23.5736, R2: 0.8740, Uncertainty: 3.2451

--- Processing Fold 1 ---
  Train data shape: (19059, 800), Test data shape: (4765, 800)
Fold 1: Loading pre-trained model from out/MODNet_jarvis_dft_3d_bulk_modulus_kv_roost_all_megnet_all_mvl_all_orb_v3_f1_ga.pkl
2025-10-24 18:03:01,934 - modnet - INFO - Loaded <modnet.models.ensemble.EnsembleMODNetModel object at 0x7f8724f7e760> object, created with modnet version 0.1.13
  Loaded model expected n_feat: N/A
Fold 1: Evaluating model...
Fold 1 - Train MAE: 3.7843, RMSE: 14.6119, R2: 0.9509, Uncertainty: 2.0263
Fold 1 - Test MAE: 8.6994, RMSE: 22.2339, R2: 0.8867, Uncertainty: 3.7177

--- Processing Fold 2 ---
  Train data shape: (19059, 800), Test data shape: (4765, 800)
Fold 2: Loading pre-trained model from out/MODNet_jarvis_dft_3d_bulk_modulus_kv_roost_all_megnet_all_mvl_all_orb_v3_f2_ga.pkl
2025-10-24 18:03:04,622 - modnet - INFO - Loaded <modnet.models.ensemble.EnsembleMODNetModel object at 0x7f8722c34880> object, created with modnet version 0.1.13
  Loaded model expected n_feat: N/A
Fold 2: Evaluating model...
Fold 2 - Train MAE: 6.0950, RMSE: 17.6604, R2: 0.9283, Uncertainty: 3.5566
Fold 2 - Test MAE: 9.3204, RMSE: 23.6291, R2: 0.8714, Uncertainty: 4.7903

--- Processing Fold 3 ---
  Train data shape: (19059, 800), Test data shape: (4765, 800)
Fold 3: Loading pre-trained model from out/MODNet_jarvis_dft_3d_bulk_modulus_kv_roost_all_megnet_all_mvl_all_orb_v3_f3_ga.pkl
2025-10-24 18:03:07,271 - modnet - INFO - Loaded <modnet.models.ensemble.EnsembleMODNetModel object at 0x7f871d798610> object, created with modnet version 0.1.13
  Loaded model expected n_feat: N/A
Fold 3: Evaluating model...
Fold 3 - Train MAE: 3.9547, RMSE: 14.8887, R2: 0.9489, Uncertainty: 1.9622
Fold 3 - Test MAE: 9.5253, RMSE: 25.2470, R2: 0.8546, Uncertainty: 3.4256

--- Processing Fold 4 ---
  Train data shape: (19060, 800), Test data shape: (4764, 800)
Fold 4: Loading pre-trained model from out/MODNet_jarvis_dft_3d_bulk_modulus_kv_roost_all_megnet_all_mvl_all_orb_v3_f4_ga.pkl
2025-10-24 18:03:10,855 - modnet - INFO - Loaded <modnet.models.ensemble.EnsembleMODNetModel object at 0x7f87214d2310> object, created with modnet version 0.1.13
  Loaded model expected n_feat: N/A
Fold 4: Evaluating model...
Fold 4 - Train MAE: 5.6577, RMSE: 17.2835, R2: 0.9317, Uncertainty: 3.3019
Fold 4 - Test MAE: 9.4842, RMSE: 23.1182, R2: 0.8741, Uncertainty: 4.6573

--- Aggregating Results ---
Average Metrics across 5/5 successful folds:
  Train - MAE: 4.6288, RMSE: 15.7505, R2: 0.9425
  Train - Uncertainty: 2.5543
  Test  - MAE: 9.2164, RMSE: 23.5604, R2: 0.8721
  Test  - Uncertainty: 3.9672
Could not save detailed predictions: "['bulk_modulus_kv'] not in index"

MODNet training run 'jarvis_dft_3d_bulk_modulus_kv_roost_all_megnet_all_mvl_all_orb_v3' finished.
Results summary saved to: results_jarvis_dft_3d_bulk_modulus_kv_roost_all_megnet_all_mvl_all_orb_v3.txt
Fold models saved in: out
=== Finished MODNET_TRAIN ===
Job finished on Fri Oct 24 18:03:13 CEST 2025

Resources Used

Total Memory used                        - MEM              : 1.5GiB
Total CPU Time                           - CPU_Time         : 01:39:12
Execution Time                           - Wall_Time        : 00:01:33
total programme cpu time                 - Total_CPU        : 00:59.804
Total_CPU / CPU_Time  (%)                - ETA              : 0%
Number of alloc CPU                      - NCPUS            : 64
Number of Mobilized Resources per Job    - NCPUS_EQUIV_PJOB : 64
Mobilized Resources x Execution Time     - R_Wall_Time      : 01:39:12
CPU_Time / R_Wall_Time (%)               - ALPHA            : 100%
Energy (Joules)                                             : unknown

