Job started on Fri Oct 24 18:04:02 CEST 2025
Running on node(s): cns262
========================================================
SLURM Task ID: 9
--------------------------------------------------------
  > Data path:       jarvis_dft_3d_mattervial_features.csv
  > Suffix:          jarvis_dft_3d
  > Selected features: roost_all megnet_all mvl_all orb_v3
  > Target Property: slme
========================================================
=== Action: MODNET_TRAIN ===
2025-10-24 18:04:11.829644: I tensorflow/stream_executor/platform/default/dso_loader.cc:49] Successfully opened dynamic library libcudart.so.11.0
2025-10-24 18:04:15.157250: I tensorflow/compiler/jit/xla_cpu_device.cc:41] Not creating XLA devices, tf_xla_enable_xla_devices not set
2025-10-24 18:04:15.157682: W tensorflow/stream_executor/platform/default/dso_loader.cc:60] Could not load dynamic library 'libcuda.so.1'; dlerror: libcuda.so.1: cannot open shared object file: No such file or directory; LD_LIBRARY_PATH: /gpfs/softs/easybuild/software/cuDNN/8.4.1.50-CUDA-11.7.0/lib:/gpfs/softs/easybuild/software/CUDA/11.7.0/nvvm/lib64:/gpfs/softs/easybuild/software/CUDA/11.7.0/extras/CUPTI/lib64:/gpfs/softs/easybuild/software/CUDA/11.7.0/lib
2025-10-24 18:04:15.157725: W tensorflow/stream_executor/cuda/cuda_driver.cc:326] failed call to cuInit: UNKNOWN ERROR (303)
2025-10-24 18:04:15.157771: I tensorflow/stream_executor/cuda/cuda_diagnostics.cc:156] kernel driver does not appear to be running on this host (cns262.lucia.cenaero.be): /proc/driver/nvidia/version does not exist
Loading full CSV from jarvis_dft_3d_mattervial_features.csv ...
sys:1: DtypeWarning: Columns (3292,3305,3310,3343) have mixed types.Specify dtype option on import or set low_memory=False.
Using job prefix: jarvis_dft_3d_slme_roost_all_megnet_all_mvl_all_orb_v3
Dropped 66223 rows with NaN values in the target column ('slme').

Selecting features for sets: ['roost_all', 'megnet_all', 'mvl_all', 'orb_v3']
 - Matching columns for 'roost_all' using pattern: ^ROOST_
   Found 256 columns for 'roost_all'.
 - Matching columns for 'megnet_all' using pattern: ^MEGNet_
   Found 946 columns for 'megnet_all'.
 - Matching columns for 'mvl_all' using pattern: ^MVL(16|32)_
   Found 288 columns for 'mvl_all'.
 - Matching columns for 'orb_v3' using pattern: ^ORB_v3_
   Found 1792 columns for 'orb_v3'.

Total features selected: 3282
Determined task type for splitting: Regression
Creating initial MODData object...
2025-10-24 18:04:51,696 - modnet - INFO - Loaded DeBreuck2020Featurizer featurizer.
Initial MODData created with 3282 features.

Processing 5 folds...
Fold 0: Loading pre-processed train and test MODData from disk (jarvis_dft_3d_slme_roost_all_megnet_all_mvl_all_orb_v3_f0)...
2025-10-24 18:04:51,838 - modnet - INFO - Loaded <modnet.preprocessing.MODData object at 0x7feffb411b20> object, created with modnet version 0.1.13
2025-10-24 18:04:51,869 - modnet - INFO - Loaded <modnet.preprocessing.MODData object at 0x7feffb40d850> object, created with modnet version 0.1.13
  Loaded train data with 800 features.
  Loaded test data with 800 features.
Fold 0: Processing complete.
Fold 1: Loading pre-processed train and test MODData from disk (jarvis_dft_3d_slme_roost_all_megnet_all_mvl_all_orb_v3_f1)...
2025-10-24 18:04:51,920 - modnet - INFO - Loaded <modnet.preprocessing.MODData object at 0x7feffb40d9a0> object, created with modnet version 0.1.13
2025-10-24 18:04:51,950 - modnet - INFO - Loaded <modnet.preprocessing.MODData object at 0x7feffb411df0> object, created with modnet version 0.1.13
  Loaded train data with 800 features.
  Loaded test data with 800 features.
Fold 1: Processing complete.
Fold 2: Loading pre-processed train and test MODData from disk (jarvis_dft_3d_slme_roost_all_megnet_all_mvl_all_orb_v3_f2)...
2025-10-24 18:04:51,999 - modnet - INFO - Loaded <modnet.preprocessing.MODData object at 0x7feff89932e0> object, created with modnet version 0.1.13
2025-10-24 18:04:52,028 - modnet - INFO - Loaded <modnet.preprocessing.MODData object at 0x7feffda4b880> object, created with modnet version 0.1.13
  Loaded train data with 800 features.
  Loaded test data with 800 features.
Fold 2: Processing complete.
Fold 3: Loading pre-processed train and test MODData from disk (jarvis_dft_3d_slme_roost_all_megnet_all_mvl_all_orb_v3_f3)...
2025-10-24 18:04:52,078 - modnet - INFO - Loaded <modnet.preprocessing.MODData object at 0x7feff7a03490> object, created with modnet version 0.1.13
2025-10-24 18:04:52,108 - modnet - INFO - Loaded <modnet.preprocessing.MODData object at 0x7feff9c22370> object, created with modnet version 0.1.13
  Loaded train data with 800 features.
  Loaded test data with 800 features.
Fold 3: Processing complete.
Fold 4: Loading pre-processed train and test MODData from disk (jarvis_dft_3d_slme_roost_all_megnet_all_mvl_all_orb_v3_f4)...
2025-10-24 18:04:52,160 - modnet - INFO - Loaded <modnet.preprocessing.MODData object at 0x7feffe2854f0> object, created with modnet version 0.1.13
2025-10-24 18:04:52,192 - modnet - INFO - Loaded <modnet.preprocessing.MODData object at 0x7feff7d70bb0> object, created with modnet version 0.1.13
  Loaded train data with 800 features.
  Loaded test data with 800 features.
Fold 4: Processing complete.

Starting model training across 5 folds using 'ga' strategy...

--- Processing Fold 0 ---
  Train data shape: (7816, 800), Test data shape: (1954, 800)
Fold 0: Loading pre-trained model from out/MODNet_jarvis_dft_3d_slme_roost_all_megnet_all_mvl_all_orb_v3_f0_ga.pkl
2025-10-24 18:04:52.235374: I tensorflow/compiler/jit/xla_gpu_device.cc:99] Not creating XLA devices, tf_xla_enable_xla_devices not set
2025-10-24 18:04:52,342 - modnet - INFO - Loaded <modnet.models.ensemble.EnsembleMODNetModel object at 0x7feffb40da90> object, created with modnet version 0.1.13
  Loaded model expected n_feat: N/A
Fold 0: Evaluating model...
2025-10-24 18:04:52.487431: I tensorflow/compiler/mlir/mlir_graph_optimization_pass.cc:116] None of the MLIR optimization passes are enabled (registered 2)
2025-10-24 18:04:52.500160: I tensorflow/core/platform/profile_utils/cpu_utils.cc:112] CPU Frequency: 2445410000 Hz
Fold 0 - Train MAE: 1.5963, RMSE: 4.1250, R2: 0.8866, Uncertainty: 1.0063
Fold 0 - Test MAE: 3.5877, RMSE: 6.4659, R2: 0.7281, Uncertainty: 1.6256

--- Processing Fold 1 ---
  Train data shape: (7816, 800), Test data shape: (1954, 800)
Fold 1: Loading pre-trained model from out/MODNet_jarvis_dft_3d_slme_roost_all_megnet_all_mvl_all_orb_v3_f1_ga.pkl
2025-10-24 18:04:53,902 - modnet - INFO - Loaded <modnet.models.ensemble.EnsembleMODNetModel object at 0x7feffb40da90> object, created with modnet version 0.1.13
  Loaded model expected n_feat: N/A
Fold 1: Evaluating model...
Fold 1 - Train MAE: 1.8361, RMSE: 4.2612, R2: 0.8794, Uncertainty: 1.2435
Fold 1 - Test MAE: 3.8210, RMSE: 6.6697, R2: 0.7070, Uncertainty: 1.8669

--- Processing Fold 2 ---
  Train data shape: (7816, 800), Test data shape: (1954, 800)
Fold 2: Loading pre-trained model from out/MODNet_jarvis_dft_3d_slme_roost_all_megnet_all_mvl_all_orb_v3_f2_ga.pkl
2025-10-24 18:04:55,686 - modnet - INFO - Loaded <modnet.models.ensemble.EnsembleMODNetModel object at 0x7feffe168f70> object, created with modnet version 0.1.13
  Loaded model expected n_feat: N/A
Fold 2: Evaluating model...
Fold 2 - Train MAE: 1.4302, RMSE: 3.9771, R2: 0.8959, Uncertainty: 0.5270
Fold 2 - Test MAE: 3.8101, RMSE: 6.7066, R2: 0.6931, Uncertainty: 1.0941

--- Processing Fold 3 ---
  Train data shape: (7816, 800), Test data shape: (1954, 800)
Fold 3: Loading pre-trained model from out/MODNet_jarvis_dft_3d_slme_roost_all_megnet_all_mvl_all_orb_v3_f3_ga.pkl
2025-10-24 18:04:57,589 - modnet - INFO - Loaded <modnet.models.ensemble.EnsembleMODNetModel object at 0x7feffb40da90> object, created with modnet version 0.1.13
  Loaded model expected n_feat: N/A
Fold 3: Evaluating model...
Fold 3 - Train MAE: 1.4807, RMSE: 3.9275, R2: 0.8976, Uncertainty: 0.6203
Fold 3 - Test MAE: 3.8253, RMSE: 6.7665, R2: 0.6979, Uncertainty: 1.2404

--- Processing Fold 4 ---
  Train data shape: (7816, 800), Test data shape: (1954, 800)
Fold 4: Loading pre-trained model from out/MODNet_jarvis_dft_3d_slme_roost_all_megnet_all_mvl_all_orb_v3_f4_ga.pkl
2025-10-24 18:04:59,115 - modnet - INFO - Loaded <modnet.models.ensemble.EnsembleMODNetModel object at 0x7feffe168f70> object, created with modnet version 0.1.13
  Loaded model expected n_feat: N/A
Fold 4: Evaluating model...
Fold 4 - Train MAE: 1.7420, RMSE: 4.4701, R2: 0.8676, Uncertainty: 0.9151
Fold 4 - Test MAE: 3.5251, RMSE: 6.3676, R2: 0.7305, Uncertainty: 1.4952

--- Aggregating Results ---
Average Metrics across 5/5 successful folds:
  Train - MAE: 1.6171, RMSE: 4.1522, R2: 0.8854
  Train - Uncertainty: 0.8624
  Test  - MAE: 3.7139, RMSE: 6.5953, R2: 0.7113
  Test  - Uncertainty: 1.4644
Could not save detailed predictions: "['slme'] not in index"

MODNet training run 'jarvis_dft_3d_slme_roost_all_megnet_all_mvl_all_orb_v3' finished.
Results summary saved to: results_jarvis_dft_3d_slme_roost_all_megnet_all_mvl_all_orb_v3.txt
Fold models saved in: out
=== Finished MODNET_TRAIN ===
Job finished on Fri Oct 24 18:05:01 CEST 2025

Resources Used

Total Memory used                        - MEM              : 0B
Total CPU Time                           - CPU_Time         : 01:04:00
Execution Time                           - Wall_Time        : 00:01:00
total programme cpu time                 - Total_CPU        : 00:49.649
Total_CPU / CPU_Time  (%)                - ETA              : 1%
Number of alloc CPU                      - NCPUS            : 64
Number of Mobilized Resources per Job    - NCPUS_EQUIV_PJOB : 64
Mobilized Resources x Execution Time     - R_Wall_Time      : 01:04:00
CPU_Time / R_Wall_Time (%)               - ALPHA            : 100%
Energy (Joules)                                             : unknown

