Job started on Fri Oct 24 18:02:02 CEST 2025
Running on node(s): cns266
========================================================
SLURM Task ID: 5
--------------------------------------------------------
  > Data path:       jarvis_dft_3d_mattervial_features.csv
  > Suffix:          jarvis_dft_3d
  > Selected features: roost_all megnet_all mvl_all orb_v3
  > Target Property: mbj_bandgap
========================================================
=== Action: MODNET_TRAIN ===
2025-10-24 18:02:04.415404: I tensorflow/stream_executor/platform/default/dso_loader.cc:49] Successfully opened dynamic library libcudart.so.11.0
2025-10-24 18:02:05.660911: I tensorflow/compiler/jit/xla_cpu_device.cc:41] Not creating XLA devices, tf_xla_enable_xla_devices not set
2025-10-24 18:02:05.661212: W tensorflow/stream_executor/platform/default/dso_loader.cc:60] Could not load dynamic library 'libcuda.so.1'; dlerror: libcuda.so.1: cannot open shared object file: No such file or directory; LD_LIBRARY_PATH: /gpfs/softs/easybuild/software/cuDNN/8.4.1.50-CUDA-11.7.0/lib:/gpfs/softs/easybuild/software/CUDA/11.7.0/nvvm/lib64:/gpfs/softs/easybuild/software/CUDA/11.7.0/extras/CUPTI/lib64:/gpfs/softs/easybuild/software/CUDA/11.7.0/lib
2025-10-24 18:02:05.661239: W tensorflow/stream_executor/cuda/cuda_driver.cc:326] failed call to cuInit: UNKNOWN ERROR (303)
2025-10-24 18:02:05.661276: I tensorflow/stream_executor/cuda/cuda_diagnostics.cc:156] kernel driver does not appear to be running on this host (cns266.lucia.cenaero.be): /proc/driver/nvidia/version does not exist
Loading full CSV from jarvis_dft_3d_mattervial_features.csv ...
sys:1: DtypeWarning: Columns (3292,3305,3310,3343) have mixed types.Specify dtype option on import or set low_memory=False.
Using job prefix: jarvis_dft_3d_mbj_bandgap_roost_all_megnet_all_mvl_all_orb_v3
Dropped 56188 rows with NaN values in the target column ('mbj_bandgap').

Selecting features for sets: ['roost_all', 'megnet_all', 'mvl_all', 'orb_v3']
 - Matching columns for 'roost_all' using pattern: ^ROOST_
   Found 256 columns for 'roost_all'.
 - Matching columns for 'megnet_all' using pattern: ^MEGNet_
   Found 946 columns for 'megnet_all'.
 - Matching columns for 'mvl_all' using pattern: ^MVL(16|32)_
   Found 288 columns for 'mvl_all'.
 - Matching columns for 'orb_v3' using pattern: ^ORB_v3_
   Found 1792 columns for 'orb_v3'.

Total features selected: 3282
Determined task type for splitting: Regression
Creating initial MODData object...
2025-10-24 18:02:44,586 - modnet - INFO - Loaded DeBreuck2020Featurizer featurizer.
Initial MODData created with 3282 features.

Processing 5 folds...
Fold 0: Loading pre-processed train and test MODData from disk (jarvis_dft_3d_mbj_bandgap_roost_all_megnet_all_mvl_all_orb_v3_f0)...
2025-10-24 18:02:44,752 - modnet - INFO - Loaded <modnet.preprocessing.MODData object at 0x7f254ee95520> object, created with modnet version 0.1.13
2025-10-24 18:02:44,790 - modnet - INFO - Loaded <modnet.preprocessing.MODData object at 0x7f2550428250> object, created with modnet version 0.1.13
  Loaded train data with 800 features.
  Loaded test data with 800 features.
Fold 0: Processing complete.
Fold 1: Loading pre-processed train and test MODData from disk (jarvis_dft_3d_mbj_bandgap_roost_all_megnet_all_mvl_all_orb_v3_f1)...
2025-10-24 18:02:44,859 - modnet - INFO - Loaded <modnet.preprocessing.MODData object at 0x7f25504283a0> object, created with modnet version 0.1.13
2025-10-24 18:02:44,893 - modnet - INFO - Loaded <modnet.preprocessing.MODData object at 0x7f254ee955b0> object, created with modnet version 0.1.13
  Loaded train data with 800 features.
  Loaded test data with 800 features.
Fold 1: Processing complete.
Fold 2: Loading pre-processed train and test MODData from disk (jarvis_dft_3d_mbj_bandgap_roost_all_megnet_all_mvl_all_orb_v3_f2)...
2025-10-24 18:02:44,961 - modnet - INFO - Loaded <modnet.preprocessing.MODData object at 0x7f25513d12b0> object, created with modnet version 0.1.13
2025-10-24 18:02:44,996 - modnet - INFO - Loaded <modnet.preprocessing.MODData object at 0x7f254f9dc280> object, created with modnet version 0.1.13
  Loaded train data with 800 features.
  Loaded test data with 800 features.
Fold 2: Processing complete.
Fold 3: Loading pre-processed train and test MODData from disk (jarvis_dft_3d_mbj_bandgap_roost_all_megnet_all_mvl_all_orb_v3_f3)...
2025-10-24 18:02:45,062 - modnet - INFO - Loaded <modnet.preprocessing.MODData object at 0x7f255509a6a0> object, created with modnet version 0.1.13
2025-10-24 18:02:45,096 - modnet - INFO - Loaded <modnet.preprocessing.MODData object at 0x7f25507b84c0> object, created with modnet version 0.1.13
  Loaded train data with 800 features.
  Loaded test data with 800 features.
Fold 3: Processing complete.
Fold 4: Loading pre-processed train and test MODData from disk (jarvis_dft_3d_mbj_bandgap_roost_all_megnet_all_mvl_all_orb_v3_f4)...
2025-10-24 18:02:45,163 - modnet - INFO - Loaded <modnet.preprocessing.MODData object at 0x7f255260f820> object, created with modnet version 0.1.13
2025-10-24 18:02:45,196 - modnet - INFO - Loaded <modnet.preprocessing.MODData object at 0x7f254bcde040> object, created with modnet version 0.1.13
  Loaded train data with 800 features.
  Loaded test data with 800 features.
Fold 4: Processing complete.

Starting model training across 5 folds using 'ga' strategy...

--- Processing Fold 0 ---
  Train data shape: (15844, 800), Test data shape: (3961, 800)
Fold 0: Loading pre-trained model from out/MODNet_jarvis_dft_3d_mbj_bandgap_roost_all_megnet_all_mvl_all_orb_v3_f0_ga.pkl
2025-10-24 18:02:45.212579: I tensorflow/compiler/jit/xla_gpu_device.cc:99] Not creating XLA devices, tf_xla_enable_xla_devices not set
2025-10-24 18:02:45,315 - modnet - INFO - Loaded <modnet.models.ensemble.EnsembleMODNetModel object at 0x7f2550428490> object, created with modnet version 0.1.13
  Loaded model expected n_feat: N/A
Fold 0: Evaluating model...
2025-10-24 18:02:45.514896: I tensorflow/compiler/mlir/mlir_graph_optimization_pass.cc:116] None of the MLIR optimization passes are enabled (registered 2)
2025-10-24 18:02:45.527448: I tensorflow/core/platform/profile_utils/cpu_utils.cc:112] CPU Frequency: 2445430000 Hz
Fold 0 - Train MAE: 0.0973, RMSE: 0.5921, R2: 0.9364, Uncertainty: 0.0526
Fold 0 - Test MAE: 0.2114, RMSE: 0.8316, R2: 0.8750, Uncertainty: 0.0841

--- Processing Fold 1 ---
  Train data shape: (15844, 800), Test data shape: (3961, 800)
Fold 1: Loading pre-trained model from out/MODNet_jarvis_dft_3d_mbj_bandgap_roost_all_megnet_all_mvl_all_orb_v3_f1_ga.pkl
2025-10-24 18:02:47,775 - modnet - INFO - Loaded <modnet.models.ensemble.EnsembleMODNetModel object at 0x7f2551673070> object, created with modnet version 0.1.13
  Loaded model expected n_feat: N/A
Fold 1: Evaluating model...
Fold 1 - Train MAE: 0.1030, RMSE: 0.6181, R2: 0.9298, Uncertainty: 0.0720
Fold 1 - Test MAE: 0.1982, RMSE: 0.7169, R2: 0.9113, Uncertainty: 0.0967

--- Processing Fold 2 ---
  Train data shape: (15844, 800), Test data shape: (3961, 800)
Fold 2: Loading pre-trained model from out/MODNet_jarvis_dft_3d_mbj_bandgap_roost_all_megnet_all_mvl_all_orb_v3_f2_ga.pkl
2025-10-24 18:02:50,601 - modnet - INFO - Loaded <modnet.models.ensemble.EnsembleMODNetModel object at 0x7f2554144a90> object, created with modnet version 0.1.13
  Loaded model expected n_feat: N/A
Fold 2: Evaluating model...
Fold 2 - Train MAE: 0.1178, RMSE: 0.5838, R2: 0.9382, Uncertainty: 0.0750
Fold 2 - Test MAE: 0.2004, RMSE: 0.7702, R2: 0.8924, Uncertainty: 0.0999

--- Processing Fold 3 ---
  Train data shape: (15844, 800), Test data shape: (3961, 800)
Fold 3: Loading pre-trained model from out/MODNet_jarvis_dft_3d_mbj_bandgap_roost_all_megnet_all_mvl_all_orb_v3_f3_ga.pkl
2025-10-24 18:02:53,113 - modnet - INFO - Loaded <modnet.models.ensemble.EnsembleMODNetModel object at 0x7f254bb55eb0> object, created with modnet version 0.1.13
  Loaded model expected n_feat: N/A
Fold 3: Evaluating model...
Fold 3 - Train MAE: 0.0979, RMSE: 0.5106, R2: 0.9534, Uncertainty: 0.0667
Fold 3 - Test MAE: 0.1885, RMSE: 0.6263, R2: 0.9243, Uncertainty: 0.0959

--- Processing Fold 4 ---
  Train data shape: (15844, 800), Test data shape: (3961, 800)
Fold 4: Loading pre-trained model from out/MODNet_jarvis_dft_3d_mbj_bandgap_roost_all_megnet_all_mvl_all_orb_v3_f4_ga.pkl
2025-10-24 18:02:55,846 - modnet - INFO - Loaded <modnet.models.ensemble.EnsembleMODNetModel object at 0x7f2554144a90> object, created with modnet version 0.1.13
  Loaded model expected n_feat: N/A
Fold 4: Evaluating model...
Fold 4 - Train MAE: 0.1384, RMSE: 0.6164, R2: 0.9310, Uncertainty: 0.0801
Fold 4 - Test MAE: 0.2195, RMSE: 0.7453, R2: 0.8999, Uncertainty: 0.1152

--- Aggregating Results ---
Average Metrics across 5/5 successful folds:
  Train - MAE: 0.1109, RMSE: 0.5842, R2: 0.9378
  Train - Uncertainty: 0.0693
  Test  - MAE: 0.2036, RMSE: 0.7381, R2: 0.9006
  Test  - Uncertainty: 0.0984
Could not save detailed predictions: "['mbj_bandgap'] not in index"

MODNet training run 'jarvis_dft_3d_mbj_bandgap_roost_all_megnet_all_mvl_all_orb_v3' finished.
Results summary saved to: results_jarvis_dft_3d_mbj_bandgap_roost_all_megnet_all_mvl_all_orb_v3.txt
Fold models saved in: out
=== Finished MODNET_TRAIN ===
Job finished on Fri Oct 24 18:02:58 CEST 2025

Resources Used

Total Memory used                        - MEM              : 0B
Total CPU Time                           - CPU_Time         : 01:00:48
Execution Time                           - Wall_Time        : 00:00:57
total programme cpu time                 - Total_CPU        : 00:56.801
Total_CPU / CPU_Time  (%)                - ETA              : 1%
Number of alloc CPU                      - NCPUS            : 64
Number of Mobilized Resources per Job    - NCPUS_EQUIV_PJOB : 64
Mobilized Resources x Execution Time     - R_Wall_Time      : 01:00:48
CPU_Time / R_Wall_Time (%)               - ALPHA            : 100%
Energy (Joules)                                             : unknown

